EN dcm_50m NULL C:/Users/Vason/Documents/GitHub/Physics-But-actually-CS-final/downloads/DCM_50M.vhd sub00/vhpl02 1513265502
EN ssd_1dig NULL "C:/Users/Big D/Documents/GitHub/Physics-But-actually-CS-final/downloads/SSD_1dig.vhd" sub00/vhpl04 1512687138
EN sel_strobeb NULL C:/Users/Vason/Documents/GitHub/Physics-But-actually-CS-final/downloads/sel_strobeB.vhd sub00/vhpl10 1513265508
AR mux4ssd behavioral C:/Users/Vason/Documents/GitHub/Physics-But-actually-CS-final/downloads/mux4SSD.vhd sub00/vhpl07 1513265505
AR crenc4bin behavioral C:/Users/Vason/Documents/GitHub/Physics-But-actually-CS-final/downloads/CRenc4bin.vhd sub00/vhpl01 1513265501
AR decoder behavioral C:/Users/Vason/Documents/GitHub/Physics-But-actually-CS-final/Components/Decoder/Decoder.vhf sub00/vhpl13 1513265511
EN bin2bcd3en NULL C:/Users/Vason/Documents/GitHub/Physics-But-actually-CS-final/downloads/bin2BCD3en.vhd sub00/vhpl08 1513265506
AR ssd_1dig behavioral "C:/Users/Big D/Documents/GitHub/Physics-But-actually-CS-final/downloads/SSD_1dig.vhd" sub00/vhpl05 1512687139
AR sel_strobeb behavioral C:/Users/Vason/Documents/GitHub/Physics-But-actually-CS-final/downloads/sel_strobeB.vhd sub00/vhpl11 1513265509
EN mux4ssd NULL C:/Users/Vason/Documents/GitHub/Physics-But-actually-CS-final/downloads/mux4SSD.vhd sub00/vhpl06 1513265504
EN decoder NULL C:/Users/Vason/Documents/GitHub/Physics-But-actually-CS-final/Components/Decoder/Decoder.vhf sub00/vhpl12 1513265510
AR bin2bcd3en behavioral C:/Users/Vason/Documents/GitHub/Physics-But-actually-CS-final/downloads/bin2BCD3en.vhd sub00/vhpl09 1513265507
EN crenc4bin NULL C:/Users/Vason/Documents/GitHub/Physics-But-actually-CS-final/downloads/CRenc4bin.vhd sub00/vhpl00 1513265500
AR dcm_50m behavioral C:/Users/Vason/Documents/GitHub/Physics-But-actually-CS-final/downloads/DCM_50M.vhd sub00/vhpl03 1513265503
