EN dcm_50m NULL "C:/Users/Big D/Documents/GitHub/Physics-But-actually-CS-final/downloads/DCM_50M.vhd" sub00/vhpl02 1513282407
EN ssd_1dig NULL "C:/Users/Big D/Documents/GitHub/Physics-But-actually-CS-final/downloads/SSD_1dig.vhd" sub00/vhpl04 1512687138
EN sel_strobeb NULL "C:/Users/Big D/Documents/GitHub/Physics-But-actually-CS-final/downloads/sel_strobeB.vhd" sub00/vhpl10 1513282413
AR mux4ssd behavioral "C:/Users/Big D/Documents/GitHub/Physics-But-actually-CS-final/downloads/mux4SSD.vhd" sub00/vhpl07 1513282410
AR crenc4bin behavioral "C:/Users/Big D/Documents/GitHub/Physics-But-actually-CS-final/downloads/CRenc4bin.vhd" sub00/vhpl01 1513282406
AR decoder behavioral "C:/Users/Big D/Documents/GitHub/Physics-But-actually-CS-final/Components/Decoder/Decoder.vhf" sub00/vhpl13 1513282416
EN bin2bcd3en NULL "C:/Users/Big D/Documents/GitHub/Physics-But-actually-CS-final/downloads/bin2BCD3en.vhd" sub00/vhpl08 1513282411
AR ssd_1dig behavioral "C:/Users/Big D/Documents/GitHub/Physics-But-actually-CS-final/downloads/SSD_1dig.vhd" sub00/vhpl05 1512687139
AR sel_strobeb behavioral "C:/Users/Big D/Documents/GitHub/Physics-But-actually-CS-final/downloads/sel_strobeB.vhd" sub00/vhpl11 1513282414
EN mux4ssd NULL "C:/Users/Big D/Documents/GitHub/Physics-But-actually-CS-final/downloads/mux4SSD.vhd" sub00/vhpl06 1513282409
EN decoder NULL "C:/Users/Big D/Documents/GitHub/Physics-But-actually-CS-final/Components/Decoder/Decoder.vhf" sub00/vhpl12 1513282415
AR bin2bcd3en behavioral "C:/Users/Big D/Documents/GitHub/Physics-But-actually-CS-final/downloads/bin2BCD3en.vhd" sub00/vhpl09 1513282412
EN crenc4bin NULL "C:/Users/Big D/Documents/GitHub/Physics-But-actually-CS-final/downloads/CRenc4bin.vhd" sub00/vhpl00 1513282405
AR dcm_50m behavioral "C:/Users/Big D/Documents/GitHub/Physics-But-actually-CS-final/downloads/DCM_50M.vhd" sub00/vhpl03 1513282408
