V3 16
FL C:/Users/Vason/Documents/GitHub/Physics-But-actually-CS-final/downloads/bin2BCD3en.vhd 2017/12/11.20:15:30 P.20131013
EN work/bin2BCD3en 1513209929 \
      FL C:/Users/Vason/Documents/GitHub/Physics-But-actually-CS-final/downloads/bin2BCD3en.vhd \
      PB ieee/std_logic_1164 1381692176 PB ieee/std_logic_arith 1381692177 \
      PB ieee/STD_LOGIC_UNSIGNED 1381692179 LB UNISIM PH unisim/VCOMPONENTS 1381692182
AR work/bin2BCD3en/Behavioral 1513209930 \
      FL C:/Users/Vason/Documents/GitHub/Physics-But-actually-CS-final/downloads/bin2BCD3en.vhd \
      EN work/bin2BCD3en 1513209929
FL C:/Users/Vason/Documents/GitHub/Physics-But-actually-CS-final/downloads/DCM_50M.vhd 2017/12/11.20:15:30 P.20131013
EN work/DCM_50M 1513209931 \
      FL C:/Users/Vason/Documents/GitHub/Physics-But-actually-CS-final/downloads/DCM_50M.vhd \
      PB ieee/std_logic_1164 1381692176
AR work/DCM_50M/Behavioral 1513209932 \
      FL C:/Users/Vason/Documents/GitHub/Physics-But-actually-CS-final/downloads/DCM_50M.vhd \
      EN work/DCM_50M 1513209931
FL C:/Users/Vason/Documents/GitHub/Physics-But-actually-CS-final/downloads/mux4SSD.vhd 2017/12/11.20:15:30 P.20131013
EN work/mux4SSD 1513209933 \
      FL C:/Users/Vason/Documents/GitHub/Physics-But-actually-CS-final/downloads/mux4SSD.vhd \
      PB ieee/std_logic_1164 1381692176 PB ieee/std_logic_arith 1381692177 \
      PB ieee/STD_LOGIC_UNSIGNED 1381692179
AR work/mux4SSD/Behavioral 1513209934 \
      FL C:/Users/Vason/Documents/GitHub/Physics-But-actually-CS-final/downloads/mux4SSD.vhd \
      EN work/mux4SSD 1513209933
FL C:/Users/Vason/Documents/GitHub/Physics-But-actually-CS-final/downloads/sel_strobeB.vhd 2017/12/12.20:41:06 P.20131013
EN work/sel_strobeB 1513209935 \
      FL C:/Users/Vason/Documents/GitHub/Physics-But-actually-CS-final/downloads/sel_strobeB.vhd \
      PB ieee/std_logic_1164 1381692176 PB ieee/std_logic_arith 1381692177 \
      PB ieee/STD_LOGIC_UNSIGNED 1381692179
AR work/sel_strobeB/Behavioral 1513209936 \
      FL C:/Users/Vason/Documents/GitHub/Physics-But-actually-CS-final/downloads/sel_strobeB.vhd \
      EN work/sel_strobeB 1513209935
FL C:/Users/Vason/Documents/GitHub/Physics-But-actually-CS-final/downloads/SSD_1dig.vhd 2017/12/11.20:15:30 P.20131013
EN work/SSD_1dig 1513209937 \
      FL C:/Users/Vason/Documents/GitHub/Physics-But-actually-CS-final/downloads/SSD_1dig.vhd \
      PB ieee/std_logic_1164 1381692176 PB ieee/std_logic_arith 1381692177 \
      PB ieee/STD_LOGIC_UNSIGNED 1381692179
AR work/SSD_1dig/Behavioral 1513209938 \
      FL C:/Users/Vason/Documents/GitHub/Physics-But-actually-CS-final/downloads/SSD_1dig.vhd \
      EN work/SSD_1dig 1513209937
