AR mainmemory behavioral C:/Users/Vason/Documents/GitHub/Physics-But-actually-CS-final/Components/MainMemory/MainMemory/MainMemory.vhf sub00/vhpl05 1513209827
AR fd8ce_mxilinx_mem32xbank behavioral C:/Users/Vason/Documents/GitHub/Physics-But-actually-CS-final/Components/MainMemory/MainMemory/Mem32xBank.vhf sub00/vhpl01 1513209823
EN mem32xbank NULL C:/Users/Vason/Documents/GitHub/Physics-But-actually-CS-final/Components/MainMemory/MainMemory/Mem32xBank.vhf sub00/vhpl02 1513209824
AR mem32xbank behavioral C:/Users/Vason/Documents/GitHub/Physics-But-actually-CS-final/Components/MainMemory/MainMemory/Mem32xBank.vhf sub00/vhpl03 1513209825
EN mainmemory NULL C:/Users/Vason/Documents/GitHub/Physics-But-actually-CS-final/Components/MainMemory/MainMemory/MainMemory.vhf sub00/vhpl04 1513209826
EN fd8ce_mxilinx_mem32xbank NULL C:/Users/Vason/Documents/GitHub/Physics-But-actually-CS-final/Components/MainMemory/MainMemory/Mem32xBank.vhf sub00/vhpl00 1513209822
