V3 12
FL C:/Users/Vason/Documents/GitHub/Physics-But-actually-CS-final/Components/MainMemory/MainMemory/MainMemory.vhf 2017/12/13.16:03:39 P.20131013
EN work/MainMemory 1513209826 \
      FL C:/Users/Vason/Documents/GitHub/Physics-But-actually-CS-final/Components/MainMemory/MainMemory/MainMemory.vhf \
      PB ieee/std_logic_1164 1381692176 PB ieee/NUMERIC_STD 1381692181 LB UNISIM \
      PH unisim/VCOMPONENTS 1381692182
AR work/MainMemory/BEHAVIORAL 1513209827 \
      FL C:/Users/Vason/Documents/GitHub/Physics-But-actually-CS-final/Components/MainMemory/MainMemory/MainMemory.vhf \
      EN work/MainMemory 1513209826 CP Mem32xBank
FL C:/Users/Vason/Documents/GitHub/Physics-But-actually-CS-final/Components/MainMemory/MainMemory/Mem32xBank.vhf 2017/12/13.16:01:47 P.20131013
EN work/FD8CE_MXILINX_Mem32xBank 1513209822 \
      FL C:/Users/Vason/Documents/GitHub/Physics-But-actually-CS-final/Components/MainMemory/MainMemory/Mem32xBank.vhf \
      PB ieee/std_logic_1164 1381692176 PB ieee/NUMERIC_STD 1381692181 LB UNISIM \
      PH unisim/VCOMPONENTS 1381692182
AR work/FD8CE_MXILINX_Mem32xBank/BEHAVIORAL 1513209823 \
      FL C:/Users/Vason/Documents/GitHub/Physics-But-actually-CS-final/Components/MainMemory/MainMemory/Mem32xBank.vhf \
      EN work/FD8CE_MXILINX_Mem32xBank 1513209822 CP FDCE
EN work/Mem32xBank 1513209824 \
      FL C:/Users/Vason/Documents/GitHub/Physics-But-actually-CS-final/Components/MainMemory/MainMemory/Mem32xBank.vhf \
      PB ieee/std_logic_1164 1381692176 PB ieee/NUMERIC_STD 1381692181 LB UNISIM \
      PH unisim/VCOMPONENTS 1381692182
AR work/Mem32xBank/BEHAVIORAL 1513209825 \
      FL C:/Users/Vason/Documents/GitHub/Physics-But-actually-CS-final/Components/MainMemory/MainMemory/Mem32xBank.vhf \
      EN work/Mem32xBank 1513209824 CP FD8CE_MXILINX_Mem32xBank
