EN dcm_50m NULL "C:/Users/Big D/Documents/GitHub/Physics-But-actually-CS-final/downloads/DCM_50M.vhd" sub00/vhpl00 1513291186
EN sel_strobeb NULL "C:/Users/Big D/Documents/GitHub/Physics-But-actually-CS-final/downloads/sel_strobeB.vhd" sub00/vhpl02 1513291192
EN ssd_1dig NULL "C:/Users/Big D/Documents/GitHub/Physics-But-actually-CS-final/downloads/SSD_1dig.vhd" sub00/vhpl06 1513290518
AR mux4ssd behavioral "C:/Users/Big D/Documents/GitHub/Physics-But-actually-CS-final/downloads/mux4SSD.vhd" sub00/vhpl09 1513291189
EN inputprocessor NULL "C:/Users/Big D/Documents/GitHub/Physics-But-actually-CS-final/RyanSandbox/ic/ic/inputProcessor.vhf" sub00/vhpl28 1513291208
AR m2_1b1_mxilinx_inputprocessor behavioral "C:/Users/Big D/Documents/GitHub/Physics-But-actually-CS-final/RyanSandbox/ic/ic/inputProcessor.vhf" sub00/vhpl21 1513291201
AR sevenseg behavioral "C:/Users/Big D/Documents/GitHub/Physics-But-actually-CS-final/RyanSandbox/ic/ic/sevenSeg.vhf" sub00/vhpl15 1513290527
AR cb2cled_mxilinx_inputprocessor behavioral "C:/Users/Big D/Documents/GitHub/Physics-But-actually-CS-final/RyanSandbox/ic/ic/inputProcessor.vhf" sub00/vhpl25 1513291205
EN ftclex_mxilinx_inputprocessor NULL "C:/Users/Big D/Documents/GitHub/Physics-But-actually-CS-final/RyanSandbox/ic/ic/inputProcessor.vhf" sub00/vhpl22 1513291202
AR crenc4bin behavioral "C:/Users/Big D/Documents/GitHub/Physics-But-actually-CS-final/downloads/CRenc4bin.vhd" sub00/vhpl11 1513291185
AR decoder behavioral "C:/Users/Big D/Documents/GitHub/Physics-But-actually-CS-final/RyanSandbox/ic/ic/Decoder.vhf" sub00/vhpl13 1513291195
AR d4_16e_mxilinx_inputprocessor behavioral "C:/Users/Big D/Documents/GitHub/Physics-But-actually-CS-final/RyanSandbox/ic/ic/inputProcessor.vhf" sub00/vhpl17 1513291197
AR ftclex_mxilinx_inputprocessor behavioral "C:/Users/Big D/Documents/GitHub/Physics-But-actually-CS-final/RyanSandbox/ic/ic/inputProcessor.vhf" sub00/vhpl23 1513291203
EN bin2bcd3en NULL "C:/Users/Big D/Documents/GitHub/Physics-But-actually-CS-final/downloads/bin2BCD3en.vhd" sub00/vhpl04 1513291190
EN m2_1b1_mxilinx_inputprocessor NULL "C:/Users/Big D/Documents/GitHub/Physics-But-actually-CS-final/RyanSandbox/ic/ic/inputProcessor.vhf" sub00/vhpl20 1513291200
EN fd4ce_mxilinx_inputprocessor NULL "C:/Users/Big D/Documents/GitHub/Physics-But-actually-CS-final/RyanSandbox/ic/ic/inputProcessor.vhf" sub00/vhpl26 1513291206
AR sel_strobeb behavioral "C:/Users/Big D/Documents/GitHub/Physics-But-actually-CS-final/downloads/sel_strobeB.vhd" sub00/vhpl03 1513291193
AR ssd_1dig behavioral "C:/Users/Big D/Documents/GitHub/Physics-But-actually-CS-final/downloads/SSD_1dig.vhd" sub00/vhpl07 1513290519
EN mux4ssd NULL "C:/Users/Big D/Documents/GitHub/Physics-But-actually-CS-final/downloads/mux4SSD.vhd" sub00/vhpl08 1513291188
AR inputprocessor behavioral "C:/Users/Big D/Documents/GitHub/Physics-But-actually-CS-final/RyanSandbox/ic/ic/inputProcessor.vhf" sub00/vhpl29 1513291209
AR fd4ce_mxilinx_inputprocessor behavioral "C:/Users/Big D/Documents/GitHub/Physics-But-actually-CS-final/RyanSandbox/ic/ic/inputProcessor.vhf" sub00/vhpl27 1513291207
EN m2_1_mxilinx_inputprocessor NULL "C:/Users/Big D/Documents/GitHub/Physics-But-actually-CS-final/RyanSandbox/ic/ic/inputProcessor.vhf" sub00/vhpl18 1513291198
EN decoder NULL "C:/Users/Big D/Documents/GitHub/Physics-But-actually-CS-final/RyanSandbox/ic/ic/Decoder.vhf" sub00/vhpl12 1513291194
AR bin2bcd3en behavioral "C:/Users/Big D/Documents/GitHub/Physics-But-actually-CS-final/downloads/bin2BCD3en.vhd" sub00/vhpl05 1513291191
EN d4_16e_mxilinx_inputprocessor NULL "C:/Users/Big D/Documents/GitHub/Physics-But-actually-CS-final/RyanSandbox/ic/ic/inputProcessor.vhf" sub00/vhpl16 1513291196
EN crenc4bin NULL "C:/Users/Big D/Documents/GitHub/Physics-But-actually-CS-final/downloads/CRenc4bin.vhd" sub00/vhpl10 1513291184
AR m2_1_mxilinx_inputprocessor behavioral "C:/Users/Big D/Documents/GitHub/Physics-But-actually-CS-final/RyanSandbox/ic/ic/inputProcessor.vhf" sub00/vhpl19 1513291199
EN cb2cled_mxilinx_inputprocessor NULL "C:/Users/Big D/Documents/GitHub/Physics-But-actually-CS-final/RyanSandbox/ic/ic/inputProcessor.vhf" sub00/vhpl24 1513291204
EN sevenseg NULL "C:/Users/Big D/Documents/GitHub/Physics-But-actually-CS-final/RyanSandbox/ic/ic/sevenSeg.vhf" sub00/vhpl14 1513290526
AR dcm_50m behavioral "C:/Users/Big D/Documents/GitHub/Physics-But-actually-CS-final/downloads/DCM_50M.vhd" sub00/vhpl01 1513291187
