EN signconverter2 NULL "C:/Users/Big D/Documents/GitHub/Physics-But-actually-CS-final/RyanSandbox/ic/alu_test/alu_test/signConverter2.vhf" sub00/vhpl04 1513292508
EN adsu8_mxilinx_alu_component NULL "C:/Users/Big D/Documents/GitHub/Physics-But-actually-CS-final/RyanSandbox/ic/alu_test/alu_test/ALU_component.vhf" sub00/vhpl06 1513292510
AR signconverter2 behavioral "C:/Users/Big D/Documents/GitHub/Physics-But-actually-CS-final/RyanSandbox/ic/alu_test/alu_test/signConverter2.vhf" sub00/vhpl05 1513292509
EN fd8ce_mxilinx_alu_test NULL "C:/Users/Big D/Documents/GitHub/Physics-But-actually-CS-final/RyanSandbox/ic/alu_test/alu_test/alu_test.vhf" sub00/vhpl10 1513292514
AR alu_test behavioral "C:/Users/Big D/Documents/GitHub/Physics-But-actually-CS-final/RyanSandbox/ic/alu_test/alu_test/alu_test.vhf" sub00/vhpl13 1513292517
EN alu_test NULL "C:/Users/Big D/Documents/GitHub/Physics-But-actually-CS-final/RyanSandbox/ic/alu_test/alu_test/alu_test.vhf" sub00/vhpl12 1513292516
AR m2_1_mxilinx_signconverter2 behavioral "C:/Users/Big D/Documents/GitHub/Physics-But-actually-CS-final/RyanSandbox/ic/alu_test/alu_test/signConverter2.vhf" sub00/vhpl01 1513292505
AR fd8ce_mxilinx_alu_test behavioral "C:/Users/Big D/Documents/GitHub/Physics-But-actually-CS-final/RyanSandbox/ic/alu_test/alu_test/alu_test.vhf" sub00/vhpl11 1513292515
AR adsu8_mxilinx_alu_component behavioral "C:/Users/Big D/Documents/GitHub/Physics-But-actually-CS-final/RyanSandbox/ic/alu_test/alu_test/ALU_component.vhf" sub00/vhpl07 1513292511
AR adsu8_mxilinx_signconverter2 behavioral "C:/Users/Big D/Documents/GitHub/Physics-But-actually-CS-final/RyanSandbox/ic/alu_test/alu_test/signConverter2.vhf" sub00/vhpl03 1513292507
EN m2_1_mxilinx_signconverter2 NULL "C:/Users/Big D/Documents/GitHub/Physics-But-actually-CS-final/RyanSandbox/ic/alu_test/alu_test/signConverter2.vhf" sub00/vhpl00 1513292504
EN adsu8_mxilinx_signconverter2 NULL "C:/Users/Big D/Documents/GitHub/Physics-But-actually-CS-final/RyanSandbox/ic/alu_test/alu_test/signConverter2.vhf" sub00/vhpl02 1513292506
EN alu_component NULL "C:/Users/Big D/Documents/GitHub/Physics-But-actually-CS-final/RyanSandbox/ic/alu_test/alu_test/ALU_component.vhf" sub00/vhpl08 1513292512
AR alu_component behavioral "C:/Users/Big D/Documents/GitHub/Physics-But-actually-CS-final/RyanSandbox/ic/alu_test/alu_test/ALU_component.vhf" sub00/vhpl09 1513292513
