V3 36
FL "C:/Users/Big D/Documents/GitHub/Physics-But-actually-CS-final/RyanSandbox/ic/alu_test/alu_test/ALU_component.vhf" 2017/12/14.15:01:41 P.20131013
EN work/ADSU8_MXILINX_ALU_component 1513292510 \
      FL "C:/Users/Big D/Documents/GitHub/Physics-But-actually-CS-final/RyanSandbox/ic/alu_test/alu_test/ALU_component.vhf" \
      PB ieee/std_logic_1164 1381692176 PB ieee/NUMERIC_STD 1381692181 LB UNISIM \
      PH unisim/VCOMPONENTS 1381692182
AR work/ADSU8_MXILINX_ALU_component/BEHAVIORAL 1513292511 \
      FL "C:/Users/Big D/Documents/GitHub/Physics-But-actually-CS-final/RyanSandbox/ic/alu_test/alu_test/ALU_component.vhf" \
      EN work/ADSU8_MXILINX_ALU_component 1513292510 CP FMAP CP XOR3 CP MUXCY_L \
      CP MUXCY CP XORCY CP MUXCY_D CP INV CP XOR2
EN work/ALU_component 1513292512 \
      FL "C:/Users/Big D/Documents/GitHub/Physics-But-actually-CS-final/RyanSandbox/ic/alu_test/alu_test/ALU_component.vhf" \
      PB ieee/std_logic_1164 1381692176 PB ieee/NUMERIC_STD 1381692181 LB UNISIM \
      PH unisim/VCOMPONENTS 1381692182
AR work/ALU_component/BEHAVIORAL 1513292513 \
      FL "C:/Users/Big D/Documents/GitHub/Physics-But-actually-CS-final/RyanSandbox/ic/alu_test/alu_test/ALU_component.vhf" \
      EN work/ALU_component 1513292512 CP signConverter2 \
      CP ADSU8_MXILINX_ALU_component
FL "C:/Users/Big D/Documents/GitHub/Physics-But-actually-CS-final/RyanSandbox/ic/alu_test/alu_test/alu_test.vhf" 2017/12/14.15:01:41 P.20131013
EN work/FD8CE_MXILINX_alu_test 1513292514 \
      FL "C:/Users/Big D/Documents/GitHub/Physics-But-actually-CS-final/RyanSandbox/ic/alu_test/alu_test/alu_test.vhf" \
      PB ieee/std_logic_1164 1381692176 PB ieee/NUMERIC_STD 1381692181 LB UNISIM \
      PH unisim/VCOMPONENTS 1381692182
AR work/FD8CE_MXILINX_alu_test/BEHAVIORAL 1513292515 \
      FL "C:/Users/Big D/Documents/GitHub/Physics-But-actually-CS-final/RyanSandbox/ic/alu_test/alu_test/alu_test.vhf" \
      EN work/FD8CE_MXILINX_alu_test 1513292514 CP FDCE
EN work/alu_test 1513292516 \
      FL "C:/Users/Big D/Documents/GitHub/Physics-But-actually-CS-final/RyanSandbox/ic/alu_test/alu_test/alu_test.vhf" \
      PB ieee/std_logic_1164 1381692176 PB ieee/NUMERIC_STD 1381692181 LB UNISIM \
      PH unisim/VCOMPONENTS 1381692182
AR work/alu_test/BEHAVIORAL 1513292517 \
      FL "C:/Users/Big D/Documents/GitHub/Physics-But-actually-CS-final/RyanSandbox/ic/alu_test/alu_test/alu_test.vhf" \
      EN work/alu_test 1513292516 CP ALU_component CP FD8CE_MXILINX_alu_test CP INV
FL "C:/Users/Big D/Documents/GitHub/Physics-But-actually-CS-final/RyanSandbox/ic/alu_test/alu_test/signConverter2.vhf" 2017/12/14.15:01:41 P.20131013
EN work/M2_1_MXILINX_signConverter2 1513292504 \
      FL "C:/Users/Big D/Documents/GitHub/Physics-But-actually-CS-final/RyanSandbox/ic/alu_test/alu_test/signConverter2.vhf" \
      PB ieee/std_logic_1164 1381692176 PB ieee/NUMERIC_STD 1381692181 LB UNISIM \
      PH unisim/VCOMPONENTS 1381692182
AR work/M2_1_MXILINX_signConverter2/BEHAVIORAL 1513292505 \
      FL "C:/Users/Big D/Documents/GitHub/Physics-But-actually-CS-final/RyanSandbox/ic/alu_test/alu_test/signConverter2.vhf" \
      EN work/M2_1_MXILINX_signConverter2 1513292504 CP AND2B1 CP OR2 CP AND2
EN work/ADSU8_MXILINX_signConverter2 1513292506 \
      FL "C:/Users/Big D/Documents/GitHub/Physics-But-actually-CS-final/RyanSandbox/ic/alu_test/alu_test/signConverter2.vhf" \
      PB ieee/std_logic_1164 1381692176 PB ieee/NUMERIC_STD 1381692181 LB UNISIM \
      PH unisim/VCOMPONENTS 1381692182
AR work/ADSU8_MXILINX_signConverter2/BEHAVIORAL 1513292507 \
      FL "C:/Users/Big D/Documents/GitHub/Physics-But-actually-CS-final/RyanSandbox/ic/alu_test/alu_test/signConverter2.vhf" \
      EN work/ADSU8_MXILINX_signConverter2 1513292506 CP FMAP CP XOR3 CP MUXCY_L \
      CP MUXCY CP XORCY CP MUXCY_D CP INV CP XOR2
EN work/signConverter2 1513292508 \
      FL "C:/Users/Big D/Documents/GitHub/Physics-But-actually-CS-final/RyanSandbox/ic/alu_test/alu_test/signConverter2.vhf" \
      PB ieee/std_logic_1164 1381692176 PB ieee/NUMERIC_STD 1381692181 LB UNISIM \
      PH unisim/VCOMPONENTS 1381692182
AR work/signConverter2/BEHAVIORAL 1513292509 \
      FL "C:/Users/Big D/Documents/GitHub/Physics-But-actually-CS-final/RyanSandbox/ic/alu_test/alu_test/signConverter2.vhf" \
      EN work/signConverter2 1513292508 CP ADSU8_MXILINX_signConverter2 CP INV \
      CP M2_1_MXILINX_signConverter2
