Release 14.7 - xst P.20131013 (nt64)
Copyright (c) 1995-2013 Xilinx, Inc.  All rights reserved.
--> Parameter TMPDIR set to xst/projnav.tmp


Total REAL time to Xst completion: 0.00 secs
Total CPU time to Xst completion: 0.15 secs
 
--> Parameter xsthdpdir set to xst


Total REAL time to Xst completion: 0.00 secs
Total CPU time to Xst completion: 0.15 secs
 
--> Reading design: MainMemory.prj

TABLE OF CONTENTS
  1) Synthesis Options Summary
  2) HDL Compilation
  3) Design Hierarchy Analysis
  4) HDL Analysis
  5) HDL Synthesis
     5.1) HDL Synthesis Report
  6) Advanced HDL Synthesis
     6.1) Advanced HDL Synthesis Report
  7) Low Level Synthesis
  8) Partition Report
  9) Final Report
	9.1) Device utilization summary
	9.2) Partition Resource Summary
	9.3) TIMING REPORT


=========================================================================
*                      Synthesis Options Summary                        *
=========================================================================
---- Source Parameters
Input File Name                    : "MainMemory.prj"
Input Format                       : mixed
Ignore Synthesis Constraint File   : NO

---- Target Parameters
Output File Name                   : "MainMemory"
Output Format                      : NGC
Target Device                      : xc3s100e-4-cp132

---- Source Options
Top Module Name                    : MainMemory
Automatic FSM Extraction           : YES
FSM Encoding Algorithm             : Auto
Safe Implementation                : No
FSM Style                          : LUT
RAM Extraction                     : Yes
RAM Style                          : Auto
ROM Extraction                     : Yes
Mux Style                          : Auto
Decoder Extraction                 : YES
Priority Encoder Extraction        : Yes
Shift Register Extraction          : YES
Logical Shifter Extraction         : YES
XOR Collapsing                     : YES
ROM Style                          : Auto
Mux Extraction                     : Yes
Resource Sharing                   : YES
Asynchronous To Synchronous        : NO
Multiplier Style                   : Auto
Automatic Register Balancing       : No

---- Target Options
Add IO Buffers                     : YES
Global Maximum Fanout              : 500
Add Generic Clock Buffer(BUFG)     : 24
Register Duplication               : YES
Slice Packing                      : YES
Optimize Instantiated Primitives   : NO
Use Clock Enable                   : Yes
Use Synchronous Set                : Yes
Use Synchronous Reset              : Yes
Pack IO Registers into IOBs        : Auto
Equivalent register Removal        : YES

---- General Options
Optimization Goal                  : Speed
Optimization Effort                : 1
Keep Hierarchy                     : No
Netlist Hierarchy                  : As_Optimized
RTL Output                         : Yes
Global Optimization                : AllClockNets
Read Cores                         : YES
Write Timing Constraints           : NO
Cross Clock Analysis               : NO
Hierarchy Separator                : /
Bus Delimiter                      : <>
Case Specifier                     : Maintain
Slice Utilization Ratio            : 100
BRAM Utilization Ratio             : 100
Verilog 2001                       : YES
Auto BRAM Packing                  : NO
Slice Utilization Ratio Delta      : 5

=========================================================================


=========================================================================
*                          HDL Compilation                              *
=========================================================================
Compiling vhdl file "C:/Users/Vason/Documents/GitHub/Physics-But-actually-CS-final/Components/MainMemory/MainMemory/Mem32xBank.vhf" in Library work.
Entity <FD8CE_MXILINX_Mem32xBank> compiled.
Entity <FD8CE_MXILINX_Mem32xBank> (Architecture <BEHAVIORAL>) compiled.
Entity <Mem32xBank> compiled.
Entity <Mem32xBank> (Architecture <BEHAVIORAL>) compiled.
Compiling vhdl file "C:/Users/Vason/Documents/GitHub/Physics-But-actually-CS-final/Components/MainMemory/MainMemory/MainMemory.vhf" in Library work.
Entity <MainMemory> compiled.
Entity <MainMemory> (Architecture <BEHAVIORAL>) compiled.

=========================================================================
*                     Design Hierarchy Analysis                         *
=========================================================================
Analyzing hierarchy for entity <MainMemory> in library <work> (architecture <BEHAVIORAL>).

Analyzing hierarchy for entity <Mem32xBank> in library <work> (architecture <BEHAVIORAL>).

Analyzing hierarchy for entity <FD8CE_MXILINX_Mem32xBank> in library <work> (architecture <BEHAVIORAL>).


=========================================================================
*                            HDL Analysis                               *
=========================================================================
Analyzing Entity <MainMemory> in library <work> (Architecture <BEHAVIORAL>).
Entity <MainMemory> analyzed. Unit <MainMemory> generated.

Analyzing Entity <Mem32xBank> in library <work> (Architecture <BEHAVIORAL>).
    Set user-defined property "HU_SET =  XLXI_1_0" for instance <XLXI_1> in unit <Mem32xBank>.
    Set user-defined property "HU_SET =  XLXI_2_1" for instance <XLXI_2> in unit <Mem32xBank>.
    Set user-defined property "HU_SET =  XLXI_3_2" for instance <XLXI_3> in unit <Mem32xBank>.
    Set user-defined property "HU_SET =  XLXI_4_3" for instance <XLXI_4> in unit <Mem32xBank>.
    Set user-defined property "HU_SET =  XLXI_5_4" for instance <XLXI_5> in unit <Mem32xBank>.
    Set user-defined property "HU_SET =  XLXI_6_5" for instance <XLXI_6> in unit <Mem32xBank>.
    Set user-defined property "HU_SET =  XLXI_7_6" for instance <XLXI_7> in unit <Mem32xBank>.
    Set user-defined property "HU_SET =  XLXI_8_7" for instance <XLXI_8> in unit <Mem32xBank>.
    Set user-defined property "HU_SET =  XLXI_33_10" for instance <XLXI_33> in unit <Mem32xBank>.
    Set user-defined property "HU_SET =  XLXI_34_31" for instance <XLXI_34> in unit <Mem32xBank>.
    Set user-defined property "HU_SET =  XLXI_35_30" for instance <XLXI_35> in unit <Mem32xBank>.
    Set user-defined property "HU_SET =  XLXI_36_29" for instance <XLXI_36> in unit <Mem32xBank>.
    Set user-defined property "HU_SET =  XLXI_37_28" for instance <XLXI_37> in unit <Mem32xBank>.
    Set user-defined property "HU_SET =  XLXI_38_27" for instance <XLXI_38> in unit <Mem32xBank>.
    Set user-defined property "HU_SET =  XLXI_39_26" for instance <XLXI_39> in unit <Mem32xBank>.
    Set user-defined property "HU_SET =  XLXI_40_25" for instance <XLXI_40> in unit <Mem32xBank>.
    Set user-defined property "HU_SET =  XLXI_41_8" for instance <XLXI_41> in unit <Mem32xBank>.
    Set user-defined property "HU_SET =  XLXI_42_17" for instance <XLXI_42> in unit <Mem32xBank>.
    Set user-defined property "HU_SET =  XLXI_43_16" for instance <XLXI_43> in unit <Mem32xBank>.
    Set user-defined property "HU_SET =  XLXI_44_15" for instance <XLXI_44> in unit <Mem32xBank>.
    Set user-defined property "HU_SET =  XLXI_45_14" for instance <XLXI_45> in unit <Mem32xBank>.
    Set user-defined property "HU_SET =  XLXI_46_13" for instance <XLXI_46> in unit <Mem32xBank>.
    Set user-defined property "HU_SET =  XLXI_47_12" for instance <XLXI_47> in unit <Mem32xBank>.
    Set user-defined property "HU_SET =  XLXI_48_11" for instance <XLXI_48> in unit <Mem32xBank>.
    Set user-defined property "HU_SET =  XLXI_49_9" for instance <XLXI_49> in unit <Mem32xBank>.
    Set user-defined property "HU_SET =  XLXI_50_24" for instance <XLXI_50> in unit <Mem32xBank>.
    Set user-defined property "HU_SET =  XLXI_51_23" for instance <XLXI_51> in unit <Mem32xBank>.
    Set user-defined property "HU_SET =  XLXI_52_22" for instance <XLXI_52> in unit <Mem32xBank>.
    Set user-defined property "HU_SET =  XLXI_53_21" for instance <XLXI_53> in unit <Mem32xBank>.
    Set user-defined property "HU_SET =  XLXI_54_20" for instance <XLXI_54> in unit <Mem32xBank>.
    Set user-defined property "HU_SET =  XLXI_55_19" for instance <XLXI_55> in unit <Mem32xBank>.
    Set user-defined property "HU_SET =  XLXI_56_18" for instance <XLXI_56> in unit <Mem32xBank>.
Entity <Mem32xBank> analyzed. Unit <Mem32xBank> generated.

Analyzing Entity <FD8CE_MXILINX_Mem32xBank> in library <work> (Architecture <BEHAVIORAL>).
    Set user-defined property "INIT =  0" for instance <I_Q0> in unit <FD8CE_MXILINX_Mem32xBank>.
    Set user-defined property "INIT =  0" for instance <I_Q1> in unit <FD8CE_MXILINX_Mem32xBank>.
    Set user-defined property "INIT =  0" for instance <I_Q2> in unit <FD8CE_MXILINX_Mem32xBank>.
    Set user-defined property "INIT =  0" for instance <I_Q3> in unit <FD8CE_MXILINX_Mem32xBank>.
    Set user-defined property "INIT =  0" for instance <I_Q4> in unit <FD8CE_MXILINX_Mem32xBank>.
    Set user-defined property "INIT =  0" for instance <I_Q5> in unit <FD8CE_MXILINX_Mem32xBank>.
    Set user-defined property "INIT =  0" for instance <I_Q6> in unit <FD8CE_MXILINX_Mem32xBank>.
    Set user-defined property "INIT =  0" for instance <I_Q7> in unit <FD8CE_MXILINX_Mem32xBank>.
Entity <FD8CE_MXILINX_Mem32xBank> analyzed. Unit <FD8CE_MXILINX_Mem32xBank> generated.


=========================================================================
*                           HDL Synthesis                               *
=========================================================================

Performing bidirectional port resolution...

Synthesizing Unit <FD8CE_MXILINX_Mem32xBank>.
    Related source file is "C:/Users/Vason/Documents/GitHub/Physics-But-actually-CS-final/Components/MainMemory/MainMemory/Mem32xBank.vhf".
Unit <FD8CE_MXILINX_Mem32xBank> synthesized.


Synthesizing Unit <Mem32xBank>.
    Related source file is "C:/Users/Vason/Documents/GitHub/Physics-But-actually-CS-final/Components/MainMemory/MainMemory/Mem32xBank.vhf".
Unit <Mem32xBank> synthesized.


Synthesizing Unit <MainMemory>.
    Related source file is "C:/Users/Vason/Documents/GitHub/Physics-But-actually-CS-final/Components/MainMemory/MainMemory/MainMemory.vhf".
Unit <MainMemory> synthesized.


=========================================================================
HDL Synthesis Report

Found no macro
=========================================================================

=========================================================================
*                       Advanced HDL Synthesis                          *
=========================================================================


=========================================================================
Advanced HDL Synthesis Report

Macro Statistics
# Registers                                            : 512
 Flip-Flops                                            : 512

=========================================================================

=========================================================================
*                         Low Level Synthesis                           *
=========================================================================

Optimizing unit <MainMemory> ...

Optimizing unit <FD8CE_MXILINX_Mem32xBank> ...

Optimizing unit <Mem32xBank> ...

Mapping all equations...
Building and optimizing final netlist ...
Found area constraint ratio of 100 (+ 5) on block MainMemory, actual ratio is 33.

Final Macro Processing ...

=========================================================================
Final Register Report

Macro Statistics
# Registers                                            : 512
 Flip-Flops                                            : 512

=========================================================================

=========================================================================
*                           Partition Report                            *
=========================================================================

Partition Implementation Status
-------------------------------

  No Partitions were found in this design.

-------------------------------

=========================================================================
*                            Final Report                               *
=========================================================================
Final Results
RTL Top Level Output File Name     : MainMemory.ngr
Top Level Output File Name         : MainMemory
Output Format                      : NGC
Optimization Goal                  : Speed
Keep Hierarchy                     : No

Design Statistics
# IOs                              : 562

Cell Usage :
# BELS                             : 1
#      BUF                         : 1
# FlipFlops/Latches                : 512
#      FDCE                        : 512
# Clock Buffers                    : 1
#      BUFGP                       : 1
# IO Buffers                       : 561
#      IBUF                        : 49
#      OBUF                        : 512
=========================================================================

Device utilization summary:
---------------------------

Selected Device : 3s100ecp132-4 

 Number of Slices:                      256  out of    960    26%  
 Number of Slice Flip Flops:            512  out of   1920    26%  
 Number of IOs:                         562
 Number of bonded IOBs:                 562  out of     83   677% (*) 
 Number of GCLKs:                         1  out of     24     4%  

WARNING:Xst:1336 -  (*) More than 100% of Device resources are used

---------------------------
Partition Resource Summary:
---------------------------

  No Partitions were found in this design.

---------------------------


=========================================================================
TIMING REPORT

NOTE: THESE TIMING NUMBERS ARE ONLY A SYNTHESIS ESTIMATE.
      FOR ACCURATE TIMING INFORMATION PLEASE REFER TO THE TRACE REPORT
      GENERATED AFTER PLACE-and-ROUTE.

Clock Information:
------------------
-----------------------------------+------------------------+-------+
Clock Signal                       | Clock buffer(FF name)  | Load  |
-----------------------------------+------------------------+-------+
CLK                                | BUFGP                  | 512   |
-----------------------------------+------------------------+-------+

Asynchronous Control Signals Information:
----------------------------------------
-----------------------------------+-------------------------+-------+
Control Signal                     | Buffer(FF name)         | Load  |
-----------------------------------+-------------------------+-------+
CLR                                | IBUF                    | 256   |
CLR_IBUF_1(CLR_IBUF_1:O)           | NONE(XLXI_2/XLXI_1/I_Q0)| 256   |
-----------------------------------+-------------------------+-------+

Timing Summary:
---------------
Speed Grade: -4

   Minimum period: No path found
   Minimum input arrival time before clock: 2.807ns
   Maximum output required time after clock: 4.283ns
   Maximum combinational path delay: No path found

Timing Detail:
--------------
All values displayed in nanoseconds (ns)

=========================================================================
Timing constraint: Default OFFSET IN BEFORE for Clock 'CLK'
  Total number of paths / destination ports: 1024 / 1024
-------------------------------------------------------------------------
Offset:              2.807ns (Levels of Logic = 2)
  Source:            Write_ID<0> (PAD)
  Destination:       XLXI_2/XLXI_1/I_Q0 (FF)
  Destination Clock: CLK rising

  Data Path: Write_ID<0> to XLXI_2/XLXI_1/I_Q0
                                Gate     Net
    Cell:in->out      fanout   Delay   Delay  Logical Name (Net Name)
    ----------------------------------------  ------------
     IBUF:I->O            16   1.218   1.034  Write_ID_0_IBUF (Write_ID_0_IBUF)
     begin scope: 'XLXI_2/XLXI_1'
     FDCE:CE                   0.555          I_Q0
    ----------------------------------------
    Total                      2.807ns (1.773ns logic, 1.034ns route)
                                       (63.2% logic, 36.8% route)

=========================================================================
Timing constraint: Default OFFSET OUT AFTER for Clock 'CLK'
  Total number of paths / destination ports: 512 / 512
-------------------------------------------------------------------------
Offset:              4.283ns (Levels of Logic = 2)
  Source:            XLXI_1/XLXI_48/I_Q7 (FF)
  Destination:       OP_OUT<255> (PAD)
  Source Clock:      CLK rising

  Data Path: XLXI_1/XLXI_48/I_Q7 to OP_OUT<255>
                                Gate     Net
    Cell:in->out      fanout   Delay   Delay  Logical Name (Net Name)
    ----------------------------------------  ------------
     FDCE:C->Q             1   0.591   0.420  I_Q7 (Q<7>)
     end scope: 'XLXI_1/XLXI_48'
     OBUF:I->O                 3.272          OP_OUT_255_OBUF (OP_OUT<255>)
    ----------------------------------------
    Total                      4.283ns (3.863ns logic, 0.420ns route)
                                       (90.2% logic, 9.8% route)

=========================================================================


Total REAL time to Xst completion: 5.00 secs
Total CPU time to Xst completion: 4.98 secs
 
--> 

Total memory usage is 269052 kilobytes

Number of errors   :    0 (   0 filtered)
Number of warnings :    1 (   0 filtered)
Number of infos    :    0 (   0 filtered)

