MO ADSU8_MXILINX_signConverter2 NULL signConverter2.vf vlg5B/_a_d_s_u8___m_x_i_l_i_n_x__sign_converter2.bin 1513271375
MO M2_1_MXILINX_signConverter2 NULL signConverter2.vf vlg09/_m2__1___m_x_i_l_i_n_x__sign_converter2.bin 1513271375
MO signConverter2 NULL signConverter2.vf vlg33/sign_converter2.bin 1513271375
