EN dcm_50m NULL C:/Users/Vason/Documents/GitHub/Physics-But-actually-CS-final/downloads/DCM_50M.vhd sub00/vhpl04 1513223152
EN sel_strobeb NULL C:/Users/Vason/Documents/GitHub/Physics-But-actually-CS-final/downloads/sel_strobeB.vhd sub00/vhpl08 1513223156
EN ssd_1dig NULL C:/Users/Vason/Documents/GitHub/Physics-But-actually-CS-final/downloads/SSD_1dig.vhd sub00/vhpl10 1513223158
MO Decoder NULL Decoder.vf vlg62/_decoder.bin 1513223149
AR mux4ssd behavioral C:/Users/Vason/Documents/GitHub/Physics-But-actually-CS-final/downloads/mux4SSD.vhd sub00/vhpl07 1513223155
MO testingDisplay NULL testingDisplay.vf vlg48/testing_display.bin 1513223149
MO CB2CLED_MXILINX_inputProcessor NULL inputProcessor.vf vlg66/_c_b2_c_l_e_d___m_x_i_l_i_n_x__input_processor.bin 1513223149
MO M2_1_MXILINX_inputProcessor NULL inputProcessor.vf vlg56/_m2__1___m_x_i_l_i_n_x__input_processor.bin 1513223149
MO inputProcessor NULL inputProcessor.vf vlg00/input_processor.bin 1513223149
AR crenc4bin behavioral C:/Users/Vason/Documents/GitHub/Physics-But-actually-CS-final/downloads/CRenc4bin.vhd sub00/vhpl03 1513223151
MO FTCLEX_MXILINX_inputProcessor NULL inputProcessor.vf vlg49/_f_t_c_l_e_x___m_x_i_l_i_n_x__input_processor.bin 1513223149
EN bin2bcd3en NULL C:/Users/Vason/Documents/GitHub/Physics-But-actually-CS-final/downloads/bin2BCD3en.vhd sub00/vhpl00 1513223148
AR sel_strobeb behavioral C:/Users/Vason/Documents/GitHub/Physics-But-actually-CS-final/downloads/sel_strobeB.vhd sub00/vhpl09 1513223157
AR ssd_1dig behavioral C:/Users/Vason/Documents/GitHub/Physics-But-actually-CS-final/downloads/SSD_1dig.vhd sub00/vhpl11 1513223159
EN mux4ssd NULL C:/Users/Vason/Documents/GitHub/Physics-But-actually-CS-final/downloads/mux4SSD.vhd sub00/vhpl06 1513223154
MO M2_1B1_MXILINX_inputProcessor NULL inputProcessor.vf vlg3D/_m2__1_b1___m_x_i_l_i_n_x__input_processor.bin 1513223149
MO sevenSeg NULL sevenSeg.vf vlg78/seven_seg.bin 1513223149
AR bin2bcd3en behavioral C:/Users/Vason/Documents/GitHub/Physics-But-actually-CS-final/downloads/bin2BCD3en.vhd sub00/vhpl01 1513223149
MO FD4CE_MXILINX_inputProcessor NULL inputProcessor.vf vlg75/_f_d4_c_e___m_x_i_l_i_n_x__input_processor.bin 1513223149
EN crenc4bin NULL C:/Users/Vason/Documents/GitHub/Physics-But-actually-CS-final/downloads/CRenc4bin.vhd sub00/vhpl02 1513223150
AR dcm_50m behavioral C:/Users/Vason/Documents/GitHub/Physics-But-actually-CS-final/downloads/DCM_50M.vhd sub00/vhpl05 1513223153
