EN dcm_50m NULL C:/Users/Vason/Documents/GitHub/Physics-But-actually-CS-final/downloads/DCM_50M.vhd sub00/vhpl04 1513227159
EN sel_strobeb NULL C:/Users/Vason/Documents/GitHub/Physics-But-actually-CS-final/downloads/sel_strobeB.vhd sub00/vhpl08 1513227163
EN ssd_1dig NULL C:/Users/Vason/Documents/GitHub/Physics-But-actually-CS-final/downloads/SSD_1dig.vhd sub00/vhpl10 1513227165
MO Decoder NULL Decoder.vf vlg62/_decoder.bin 1513227155
AR mux4ssd behavioral C:/Users/Vason/Documents/GitHub/Physics-But-actually-CS-final/downloads/mux4SSD.vhd sub00/vhpl07 1513227162
MO testingDisplay NULL testingDisplay.vf vlg48/testing_display.bin 1513227155
MO CB2CLED_MXILINX_inputProcessor NULL inputProcessor.vf vlg66/_c_b2_c_l_e_d___m_x_i_l_i_n_x__input_processor.bin 1513227155
MO M2_1_MXILINX_inputProcessor NULL inputProcessor.vf vlg56/_m2__1___m_x_i_l_i_n_x__input_processor.bin 1513227155
MO inputProcessor NULL inputProcessor.vf vlg00/input_processor.bin 1513227155
AR crenc4bin behavioral C:/Users/Vason/Documents/GitHub/Physics-But-actually-CS-final/downloads/CRenc4bin.vhd sub00/vhpl03 1513227158
MO FTCLEX_MXILINX_inputProcessor NULL inputProcessor.vf vlg49/_f_t_c_l_e_x___m_x_i_l_i_n_x__input_processor.bin 1513227155
EN bin2bcd3en NULL C:/Users/Vason/Documents/GitHub/Physics-But-actually-CS-final/downloads/bin2BCD3en.vhd sub00/vhpl00 1513227155
AR sel_strobeb behavioral C:/Users/Vason/Documents/GitHub/Physics-But-actually-CS-final/downloads/sel_strobeB.vhd sub00/vhpl09 1513227164
AR ssd_1dig behavioral C:/Users/Vason/Documents/GitHub/Physics-But-actually-CS-final/downloads/SSD_1dig.vhd sub00/vhpl11 1513227166
EN mux4ssd NULL C:/Users/Vason/Documents/GitHub/Physics-But-actually-CS-final/downloads/mux4SSD.vhd sub00/vhpl06 1513227161
MO M2_1B1_MXILINX_inputProcessor NULL inputProcessor.vf vlg3D/_m2__1_b1___m_x_i_l_i_n_x__input_processor.bin 1513227155
MO sevenSeg NULL sevenSeg.vf vlg78/seven_seg.bin 1513227155
AR bin2bcd3en behavioral C:/Users/Vason/Documents/GitHub/Physics-But-actually-CS-final/downloads/bin2BCD3en.vhd sub00/vhpl01 1513227156
MO FD4CE_MXILINX_inputProcessor NULL inputProcessor.vf vlg75/_f_d4_c_e___m_x_i_l_i_n_x__input_processor.bin 1513227155
EN crenc4bin NULL C:/Users/Vason/Documents/GitHub/Physics-But-actually-CS-final/downloads/CRenc4bin.vhd sub00/vhpl02 1513227157
AR dcm_50m behavioral C:/Users/Vason/Documents/GitHub/Physics-But-actually-CS-final/downloads/DCM_50M.vhd sub00/vhpl05 1513227160
