MO M4_1E_MXILINX_CU_Read_MUX NULL CU_Read_MUX.vf vlg45/_m4__1_e___m_x_i_l_i_n_x___c_u___read___m_u_x.bin 1513208894
MO M2_1E_MXILINX_CU_Read_MUX NULL CU_Read_MUX.vf vlg6B/_m2__1_e___m_x_i_l_i_n_x___c_u___read___m_u_x.bin 1513208894
MO CU_Read_MUX NULL CU_Read_MUX.vf vlg4C/_c_u___read___m_u_x.bin 1513208894
