AR fd8ce_mxilinx_mem32xbank behavioral C:/Users/Vason/Documents/GitHub/Physics-But-actually-CS-final/Components/32x8Bank/Mem32x8Bank/Mem32xBank.vhf sub00/vhpl01 1513208521
EN mem32xbank NULL C:/Users/Vason/Documents/GitHub/Physics-But-actually-CS-final/Components/32x8Bank/Mem32x8Bank/Mem32xBank.vhf sub00/vhpl02 1513208522
AR mem32xbank behavioral C:/Users/Vason/Documents/GitHub/Physics-But-actually-CS-final/Components/32x8Bank/Mem32x8Bank/Mem32xBank.vhf sub00/vhpl03 1513208523
EN fd8ce_mxilinx_mem32xbank NULL C:/Users/Vason/Documents/GitHub/Physics-But-actually-CS-final/Components/32x8Bank/Mem32x8Bank/Mem32xBank.vhf sub00/vhpl00 1513208520
