EN m2_1e_mxilinx_mm_signal_mux NULL C:/Users/Vason/Documents/GitHub/Physics-But-actually-CS-final/Components/MM_Decode_MUX/MM_Decode_MUX/MM_signal_MUX.vhf sub00/vhpl14 1513209990
AR m2_1e_mxilinx_signalmux_32 behavioral C:/Users/Vason/Documents/GitHub/Physics-But-actually-CS-final/Components/MM_Decode_MUX/MM_Decode_MUX/signalMux_32.vhf sub00/vhpl25 1513210001
EN m16_1e_mxilinx_mm_decode_mux NULL C:/Users/Vason/Documents/GitHub/Physics-But-actually-CS-final/Components/MM_Decode_MUX/MM_Decode_MUX/MM_Decode_MUX.vhf sub00/vhpl04 1513209980
AR mm_decode_mux behavioral C:/Users/Vason/Documents/GitHub/Physics-But-actually-CS-final/Components/MM_Decode_MUX/MM_Decode_MUX/MM_Decode_MUX.vhf sub00/vhpl11 1513209987
AR m2_1_mxilinx_signalmux_32 behavioral C:/Users/Vason/Documents/GitHub/Physics-But-actually-CS-final/Components/MM_Decode_MUX/MM_Decode_MUX/signalMux_32.vhf sub00/vhpl23 1513209999
EN m2_1_mxilinx_mm_decode_mux NULL C:/Users/Vason/Documents/GitHub/Physics-But-actually-CS-final/Components/MM_Decode_MUX/MM_Decode_MUX/MM_Decode_MUX.vhf sub00/vhpl00 1513209976
AR signalmux_32_muser_mm_decode_mux behavioral C:/Users/Vason/Documents/GitHub/Physics-But-actually-CS-final/Components/MM_Decode_MUX/MM_Decode_MUX/MM_Decode_MUX.vhf sub00/vhpl07 1513209983
EN m2_1_mxilinx_signalmux_32 NULL C:/Users/Vason/Documents/GitHub/Physics-But-actually-CS-final/Components/MM_Decode_MUX/MM_Decode_MUX/signalMux_32.vhf sub00/vhpl22 1513209998
AR m2_1e_mxilinx_mm_signal_mux behavioral C:/Users/Vason/Documents/GitHub/Physics-But-actually-CS-final/Components/MM_Decode_MUX/MM_Decode_MUX/MM_signal_MUX.vhf sub00/vhpl15 1513209991
EN signalmux_32_muser_mm_decode_mux NULL C:/Users/Vason/Documents/GitHub/Physics-But-actually-CS-final/Components/MM_Decode_MUX/MM_Decode_MUX/MM_Decode_MUX.vhf sub00/vhpl06 1513209982
AR m16_1e_mxilinx_mm_decode_mux behavioral C:/Users/Vason/Documents/GitHub/Physics-But-actually-CS-final/Components/MM_Decode_MUX/MM_Decode_MUX/MM_Decode_MUX.vhf sub00/vhpl05 1513209981
AR m16_1e_mxilinx_signalmux_32 behavioral C:/Users/Vason/Documents/GitHub/Physics-But-actually-CS-final/Components/MM_Decode_MUX/MM_Decode_MUX/signalMux_32.vhf sub00/vhpl27 1513210003
AR m2_1_mxilinx_mm_signal_mux behavioral C:/Users/Vason/Documents/GitHub/Physics-But-actually-CS-final/Components/MM_Decode_MUX/MM_Decode_MUX/MM_signal_MUX.vhf sub00/vhpl13 1513209989
EN mm_decode_mux NULL C:/Users/Vason/Documents/GitHub/Physics-But-actually-CS-final/Components/MM_Decode_MUX/MM_Decode_MUX/MM_Decode_MUX.vhf sub00/vhpl10 1513209986
EN m16_1e_mxilinx_mm_signal_mux NULL C:/Users/Vason/Documents/GitHub/Physics-But-actually-CS-final/Components/MM_Decode_MUX/MM_Decode_MUX/MM_signal_MUX.vhf sub00/vhpl16 1513209992
EN m2_1_mxilinx_mm_signal_mux NULL C:/Users/Vason/Documents/GitHub/Physics-But-actually-CS-final/Components/MM_Decode_MUX/MM_Decode_MUX/MM_signal_MUX.vhf sub00/vhpl12 1513209988
EN signalmux_32 NULL C:/Users/Vason/Documents/GitHub/Physics-But-actually-CS-final/Components/MM_Decode_MUX/MM_Decode_MUX/signalMux_32.vhf sub00/vhpl28 1513210004
EN m2_1e_mxilinx_mm_decode_mux NULL C:/Users/Vason/Documents/GitHub/Physics-But-actually-CS-final/Components/MM_Decode_MUX/MM_Decode_MUX/MM_Decode_MUX.vhf sub00/vhpl02 1513209978
EN mm_signal_mux_muser_mm_decode_mux NULL C:/Users/Vason/Documents/GitHub/Physics-But-actually-CS-final/Components/MM_Decode_MUX/MM_Decode_MUX/MM_Decode_MUX.vhf sub00/vhpl08 1513209984
EN m16_1e_mxilinx_signalmux_32 NULL C:/Users/Vason/Documents/GitHub/Physics-But-actually-CS-final/Components/MM_Decode_MUX/MM_Decode_MUX/signalMux_32.vhf sub00/vhpl26 1513210002
AR m2_1e_mxilinx_mm_decode_mux behavioral C:/Users/Vason/Documents/GitHub/Physics-But-actually-CS-final/Components/MM_Decode_MUX/MM_Decode_MUX/MM_Decode_MUX.vhf sub00/vhpl03 1513209979
AR mm_signal_mux behavioral C:/Users/Vason/Documents/GitHub/Physics-But-actually-CS-final/Components/MM_Decode_MUX/MM_Decode_MUX/MM_signal_MUX.vhf sub00/vhpl21 1513209997
EN signalmux_32_muser_mm_signal_mux NULL C:/Users/Vason/Documents/GitHub/Physics-But-actually-CS-final/Components/MM_Decode_MUX/MM_Decode_MUX/MM_signal_MUX.vhf sub00/vhpl18 1513209994
AR signalmux_32_muser_mm_signal_mux behavioral C:/Users/Vason/Documents/GitHub/Physics-But-actually-CS-final/Components/MM_Decode_MUX/MM_Decode_MUX/MM_signal_MUX.vhf sub00/vhpl19 1513209995
AR m2_1_mxilinx_mm_decode_mux behavioral C:/Users/Vason/Documents/GitHub/Physics-But-actually-CS-final/Components/MM_Decode_MUX/MM_Decode_MUX/MM_Decode_MUX.vhf sub00/vhpl01 1513209977
EN mm_signal_mux NULL C:/Users/Vason/Documents/GitHub/Physics-But-actually-CS-final/Components/MM_Decode_MUX/MM_Decode_MUX/MM_signal_MUX.vhf sub00/vhpl20 1513209996
AR mm_signal_mux_muser_mm_decode_mux behavioral C:/Users/Vason/Documents/GitHub/Physics-But-actually-CS-final/Components/MM_Decode_MUX/MM_Decode_MUX/MM_Decode_MUX.vhf sub00/vhpl09 1513209985
EN m2_1e_mxilinx_signalmux_32 NULL C:/Users/Vason/Documents/GitHub/Physics-But-actually-CS-final/Components/MM_Decode_MUX/MM_Decode_MUX/signalMux_32.vhf sub00/vhpl24 1513210000
AR signalmux_32 behavioral C:/Users/Vason/Documents/GitHub/Physics-But-actually-CS-final/Components/MM_Decode_MUX/MM_Decode_MUX/signalMux_32.vhf sub00/vhpl29 1513210005
AR m16_1e_mxilinx_mm_signal_mux behavioral C:/Users/Vason/Documents/GitHub/Physics-But-actually-CS-final/Components/MM_Decode_MUX/MM_Decode_MUX/MM_signal_MUX.vhf sub00/vhpl17 1513209993
