V3 53
FL C:/Users/Vason/Documents/GitHub/Physics-But-actually-CS-final/Components/MM_Decode_MUX/MM_Decode_MUX/MM_Decode_MUX.vhf 2017/12/13.16:06:10 P.20131013
EN work/M2_1_MXILINX_MM_Decode_MUX 1513209976 \
      FL C:/Users/Vason/Documents/GitHub/Physics-But-actually-CS-final/Components/MM_Decode_MUX/MM_Decode_MUX/MM_Decode_MUX.vhf \
      PB ieee/std_logic_1164 1381692176 PB ieee/NUMERIC_STD 1381692181 LB UNISIM \
      PH unisim/VCOMPONENTS 1381692182
AR work/M2_1_MXILINX_MM_Decode_MUX/BEHAVIORAL 1513209977 \
      FL C:/Users/Vason/Documents/GitHub/Physics-But-actually-CS-final/Components/MM_Decode_MUX/MM_Decode_MUX/MM_Decode_MUX.vhf \
      EN work/M2_1_MXILINX_MM_Decode_MUX 1513209976 CP AND2B1 CP OR2 CP AND2
EN work/M2_1E_MXILINX_MM_Decode_MUX 1513209978 \
      FL C:/Users/Vason/Documents/GitHub/Physics-But-actually-CS-final/Components/MM_Decode_MUX/MM_Decode_MUX/MM_Decode_MUX.vhf \
      PB ieee/std_logic_1164 1381692176 PB ieee/NUMERIC_STD 1381692181 LB UNISIM \
      PH unisim/VCOMPONENTS 1381692182
AR work/M2_1E_MXILINX_MM_Decode_MUX/BEHAVIORAL 1513209979 \
      FL C:/Users/Vason/Documents/GitHub/Physics-But-actually-CS-final/Components/MM_Decode_MUX/MM_Decode_MUX/MM_Decode_MUX.vhf \
      EN work/M2_1E_MXILINX_MM_Decode_MUX 1513209978 CP AND3 CP AND3B1 CP OR2
EN work/M16_1E_MXILINX_MM_Decode_MUX 1513209980 \
      FL C:/Users/Vason/Documents/GitHub/Physics-But-actually-CS-final/Components/MM_Decode_MUX/MM_Decode_MUX/MM_Decode_MUX.vhf \
      PB ieee/std_logic_1164 1381692176 PB ieee/NUMERIC_STD 1381692181 LB UNISIM \
      PH unisim/VCOMPONENTS 1381692182
AR work/M16_1E_MXILINX_MM_Decode_MUX/BEHAVIORAL 1513209981 \
      FL C:/Users/Vason/Documents/GitHub/Physics-But-actually-CS-final/Components/MM_Decode_MUX/MM_Decode_MUX/MM_Decode_MUX.vhf \
      EN work/M16_1E_MXILINX_MM_Decode_MUX 1513209980 \
      CP M2_1_MXILINX_MM_Decode_MUX CP MUXF5_L CP MUXF6 \
      CP M2_1E_MXILINX_MM_Decode_MUX
EN work/signalMux_32_MUSER_MM_Decode_MUX 1513209982 \
      FL C:/Users/Vason/Documents/GitHub/Physics-But-actually-CS-final/Components/MM_Decode_MUX/MM_Decode_MUX/MM_Decode_MUX.vhf \
      PB ieee/std_logic_1164 1381692176 PB ieee/NUMERIC_STD 1381692181 LB UNISIM \
      PH unisim/VCOMPONENTS 1381692182
AR work/signalMux_32_MUSER_MM_Decode_MUX/BEHAVIORAL 1513209983 \
      FL C:/Users/Vason/Documents/GitHub/Physics-But-actually-CS-final/Components/MM_Decode_MUX/MM_Decode_MUX/MM_Decode_MUX.vhf \
      EN work/signalMux_32_MUSER_MM_Decode_MUX 1513209982 \
      CP M16_1E_MXILINX_MM_Decode_MUX CP M2_1_MXILINX_MM_Decode_MUX
EN work/MM_signal_MUX_MUSER_MM_Decode_MUX 1513209984 \
      FL C:/Users/Vason/Documents/GitHub/Physics-But-actually-CS-final/Components/MM_Decode_MUX/MM_Decode_MUX/MM_Decode_MUX.vhf \
      PB ieee/std_logic_1164 1381692176 PB ieee/NUMERIC_STD 1381692181 LB UNISIM \
      PH unisim/VCOMPONENTS 1381692182
AR work/MM_signal_MUX_MUSER_MM_Decode_MUX/BEHAVIORAL 1513209985 \
      FL C:/Users/Vason/Documents/GitHub/Physics-But-actually-CS-final/Components/MM_Decode_MUX/MM_Decode_MUX/MM_Decode_MUX.vhf \
      EN work/MM_signal_MUX_MUSER_MM_Decode_MUX 1513209984 \
      CP signalMux_32_MUSER_MM_Decode_MUX
EN work/MM_Decode_MUX 1513209986 \
      FL C:/Users/Vason/Documents/GitHub/Physics-But-actually-CS-final/Components/MM_Decode_MUX/MM_Decode_MUX/MM_Decode_MUX.vhf \
      PB ieee/std_logic_1164 1381692176 PB ieee/NUMERIC_STD 1381692181 LB UNISIM \
      PH unisim/VCOMPONENTS 1381692182
AR work/MM_Decode_MUX/BEHAVIORAL 1513209987 \
      FL C:/Users/Vason/Documents/GitHub/Physics-But-actually-CS-final/Components/MM_Decode_MUX/MM_Decode_MUX/MM_Decode_MUX.vhf \
      EN work/MM_Decode_MUX 1513209986 CP MM_signal_MUX_MUSER_MM_Decode_MUX
FL C:/Users/Vason/Documents/GitHub/Physics-But-actually-CS-final/Components/MM_Decode_MUX/MM_Decode_MUX/MM_signal_MUX.vhf 2017/12/13.16:06:13 P.20131013
EN work/M2_1_MXILINX_MM_signal_MUX 1513209988 \
      FL C:/Users/Vason/Documents/GitHub/Physics-But-actually-CS-final/Components/MM_Decode_MUX/MM_Decode_MUX/MM_signal_MUX.vhf \
      PB ieee/std_logic_1164 1381692176 PB ieee/NUMERIC_STD 1381692181 LB UNISIM \
      PH unisim/VCOMPONENTS 1381692182
AR work/M2_1_MXILINX_MM_signal_MUX/BEHAVIORAL 1513209989 \
      FL C:/Users/Vason/Documents/GitHub/Physics-But-actually-CS-final/Components/MM_Decode_MUX/MM_Decode_MUX/MM_signal_MUX.vhf \
      EN work/M2_1_MXILINX_MM_signal_MUX 1513209988 CP AND2B1 CP OR2 CP AND2
EN work/M2_1E_MXILINX_MM_signal_MUX 1513209990 \
      FL C:/Users/Vason/Documents/GitHub/Physics-But-actually-CS-final/Components/MM_Decode_MUX/MM_Decode_MUX/MM_signal_MUX.vhf \
      PB ieee/std_logic_1164 1381692176 PB ieee/NUMERIC_STD 1381692181 LB UNISIM \
      PH unisim/VCOMPONENTS 1381692182
AR work/M2_1E_MXILINX_MM_signal_MUX/BEHAVIORAL 1513209991 \
      FL C:/Users/Vason/Documents/GitHub/Physics-But-actually-CS-final/Components/MM_Decode_MUX/MM_Decode_MUX/MM_signal_MUX.vhf \
      EN work/M2_1E_MXILINX_MM_signal_MUX 1513209990 CP AND3 CP AND3B1 CP OR2
EN work/M16_1E_MXILINX_MM_signal_MUX 1513209992 \
      FL C:/Users/Vason/Documents/GitHub/Physics-But-actually-CS-final/Components/MM_Decode_MUX/MM_Decode_MUX/MM_signal_MUX.vhf \
      PB ieee/std_logic_1164 1381692176 PB ieee/NUMERIC_STD 1381692181 LB UNISIM \
      PH unisim/VCOMPONENTS 1381692182
AR work/M16_1E_MXILINX_MM_signal_MUX/BEHAVIORAL 1513209993 \
      FL C:/Users/Vason/Documents/GitHub/Physics-But-actually-CS-final/Components/MM_Decode_MUX/MM_Decode_MUX/MM_signal_MUX.vhf \
      EN work/M16_1E_MXILINX_MM_signal_MUX 1513209992 \
      CP M2_1_MXILINX_MM_signal_MUX CP MUXF5_L CP MUXF6 \
      CP M2_1E_MXILINX_MM_signal_MUX
EN work/signalMux_32_MUSER_MM_signal_MUX 1513209994 \
      FL C:/Users/Vason/Documents/GitHub/Physics-But-actually-CS-final/Components/MM_Decode_MUX/MM_Decode_MUX/MM_signal_MUX.vhf \
      PB ieee/std_logic_1164 1381692176 PB ieee/NUMERIC_STD 1381692181 LB UNISIM \
      PH unisim/VCOMPONENTS 1381692182
AR work/signalMux_32_MUSER_MM_signal_MUX/BEHAVIORAL 1513209995 \
      FL C:/Users/Vason/Documents/GitHub/Physics-But-actually-CS-final/Components/MM_Decode_MUX/MM_Decode_MUX/MM_signal_MUX.vhf \
      EN work/signalMux_32_MUSER_MM_signal_MUX 1513209994 \
      CP M16_1E_MXILINX_MM_signal_MUX CP M2_1_MXILINX_MM_signal_MUX
EN work/MM_signal_MUX 1513209996 \
      FL C:/Users/Vason/Documents/GitHub/Physics-But-actually-CS-final/Components/MM_Decode_MUX/MM_Decode_MUX/MM_signal_MUX.vhf \
      PB ieee/std_logic_1164 1381692176 PB ieee/NUMERIC_STD 1381692181 LB UNISIM \
      PH unisim/VCOMPONENTS 1381692182
AR work/MM_signal_MUX/BEHAVIORAL 1513209997 \
      FL C:/Users/Vason/Documents/GitHub/Physics-But-actually-CS-final/Components/MM_Decode_MUX/MM_Decode_MUX/MM_signal_MUX.vhf \
      EN work/MM_signal_MUX 1513209996 CP signalMux_32_MUSER_MM_signal_MUX
FL C:/Users/Vason/Documents/GitHub/Physics-But-actually-CS-final/Components/MM_Decode_MUX/MM_Decode_MUX/signalMux_32.vhf 2017/12/13.16:06:11 P.20131013
EN work/M2_1_MXILINX_signalMux_32 1513209998 \
      FL C:/Users/Vason/Documents/GitHub/Physics-But-actually-CS-final/Components/MM_Decode_MUX/MM_Decode_MUX/signalMux_32.vhf \
      PB ieee/std_logic_1164 1381692176 PB ieee/NUMERIC_STD 1381692181 LB UNISIM \
      PH unisim/VCOMPONENTS 1381692182
AR work/M2_1_MXILINX_signalMux_32/BEHAVIORAL 1513209999 \
      FL C:/Users/Vason/Documents/GitHub/Physics-But-actually-CS-final/Components/MM_Decode_MUX/MM_Decode_MUX/signalMux_32.vhf \
      EN work/M2_1_MXILINX_signalMux_32 1513209998 CP AND2B1 CP OR2 CP AND2
EN work/M2_1E_MXILINX_signalMux_32 1513210000 \
      FL C:/Users/Vason/Documents/GitHub/Physics-But-actually-CS-final/Components/MM_Decode_MUX/MM_Decode_MUX/signalMux_32.vhf \
      PB ieee/std_logic_1164 1381692176 PB ieee/NUMERIC_STD 1381692181 LB UNISIM \
      PH unisim/VCOMPONENTS 1381692182
AR work/M2_1E_MXILINX_signalMux_32/BEHAVIORAL 1513210001 \
      FL C:/Users/Vason/Documents/GitHub/Physics-But-actually-CS-final/Components/MM_Decode_MUX/MM_Decode_MUX/signalMux_32.vhf \
      EN work/M2_1E_MXILINX_signalMux_32 1513210000 CP AND3 CP AND3B1 CP OR2
EN work/M16_1E_MXILINX_signalMux_32 1513210002 \
      FL C:/Users/Vason/Documents/GitHub/Physics-But-actually-CS-final/Components/MM_Decode_MUX/MM_Decode_MUX/signalMux_32.vhf \
      PB ieee/std_logic_1164 1381692176 PB ieee/NUMERIC_STD 1381692181 LB UNISIM \
      PH unisim/VCOMPONENTS 1381692182
AR work/M16_1E_MXILINX_signalMux_32/BEHAVIORAL 1513210003 \
      FL C:/Users/Vason/Documents/GitHub/Physics-But-actually-CS-final/Components/MM_Decode_MUX/MM_Decode_MUX/signalMux_32.vhf \
      EN work/M16_1E_MXILINX_signalMux_32 1513210002 CP M2_1_MXILINX_signalMux_32 \
      CP MUXF5_L CP MUXF6 CP M2_1E_MXILINX_signalMux_32
EN work/signalMux_32 1513210004 \
      FL C:/Users/Vason/Documents/GitHub/Physics-But-actually-CS-final/Components/MM_Decode_MUX/MM_Decode_MUX/signalMux_32.vhf \
      PB ieee/std_logic_1164 1381692176 PB ieee/NUMERIC_STD 1381692181 LB UNISIM \
      PH unisim/VCOMPONENTS 1381692182
AR work/signalMux_32/BEHAVIORAL 1513210005 \
      FL C:/Users/Vason/Documents/GitHub/Physics-But-actually-CS-final/Components/MM_Decode_MUX/MM_Decode_MUX/signalMux_32.vhf \
      EN work/signalMux_32 1513210004 CP M16_1E_MXILINX_signalMux_32 \
      CP M2_1_MXILINX_signalMux_32
