#-----------------------------------------------------------
# PlanAhead v14.7 (64-bit)
# Build 321239 by xbuild on Fri Sep 27 19:29:51 MDT 2013
# Start of session at: Thu Dec 14 15:01:51 2017
# Process ID: 7512
# Log file: C:/Users/Big D/Documents/GitHub/Physics-But-actually-CS-final/RyanSandbox/ic/alu_test/alu_test/planAhead_run_1/planAhead.log
# Journal file: C:/Users/Big D/Documents/GitHub/Physics-But-actually-CS-final/RyanSandbox/ic/alu_test/alu_test/planAhead_run_1/planAhead.jou
#-----------------------------------------------------------
start_gui
source {C:/Users/Big D/Documents/GitHub/Physics-But-actually-CS-final/RyanSandbox/ic/alu_test/alu_test/pa.fromNetlist.tcl}
startgroup
set_property package_pin G1 [get_ports {ALU_Display[7]}]
endgroup
startgroup
set_property package_pin P4 [get_ports {ALU_Display[6]}]
endgroup
startgroup
set_property package_pin N4 [get_ports {ALU_Display[5]}]
endgroup
startgroup
set_property package_pin N5 [get_ports {ALU_Display[4]}]
endgroup
startgroup
set_property package_pin P6 [get_ports {ALU_Display[3]}]
endgroup
startgroup
set_property package_pin P7 [get_ports {ALU_Display[2]}]
endgroup
startgroup
set_property package_pin M11 [get_ports {ALU_Display[1]}]
endgroup
startgroup
set_property package_pin M5 [get_ports {ALU_Display[0]}]
endgroup
startgroup
set_property package_pin N3 [get_ports {switchIn[7]}]
endgroup
startgroup
set_property package_pin E2 [get_ports {switchIn[6]}]
endgroup
startgroup
set_property package_pin F3 [get_ports {switchIn[5]}]
endgroup
startgroup
set_property package_pin G3 [get_ports {switchIn[4]}]
endgroup
startgroup
set_property package_pin B4 [get_ports {switchIn[3]}]
endgroup
startgroup
set_property package_pin K3 [get_ports {switchIn[2]}]
endgroup
startgroup
set_property package_pin L3 [get_ports {switchIn[1]}]
endgroup
startgroup
set_property package_pin P11 [get_ports {switchIn[0]}]
endgroup
startgroup
set_property package_pin C11 [get_ports Add_Sub]
endgroup
startgroup
set_property package_pin A7 [get_ports saveA]
endgroup
startgroup
set_property package_pin M4 [get_ports saveB]
endgroup
startgroup
set_property package_pin G12 [get_ports Signed]
endgroup
startgroup
set_property package_pin B8 [get_ports SYS_CLK]
endgroup
save_constraints
