AR programcounter behavioral C:/Users/Vason/Documents/GitHub/Physics-But-actually-CS-final/minisculeComputer/programCounter.vhf sub00/vhpl27 1513274380
EN minisculcomputer NULL C:/Users/Vason/Documents/GitHub/Physics-But-actually-CS-final/minisculeComputer/minisculComputer.vhf sub00/vhpl84 1513274383
EN dcm_50m NULL C:/Users/Vason/Documents/GitHub/Physics-But-actually-CS-final/downloads/DCM_50M.vhd sub00/vhpl00 1513274275
EN m2_1e_mxilinx_mm_signal_mux NULL C:/Users/Vason/Documents/GitHub/Physics-But-actually-CS-final/minisculeComputer/MM_signal_MUX.vhf sub00/vhpl38 1513274307
EN and8_mxilinx_cu_read NULL C:/Users/Vason/Documents/GitHub/Physics-But-actually-CS-final/minisculeComputer/CU_Read.vhf sub00/vhpl62 1513274321
AR m2_1e_mxilinx_signalmux_32 behavioral C:/Users/Vason/Documents/GitHub/Physics-But-actually-CS-final/minisculeComputer/signalMux_32.vhf sub00/vhpl89 1513274388
AR m2_1e_mxilinx_cu_alu behavioral C:/Users/Vason/Documents/GitHub/Physics-But-actually-CS-final/minisculeComputer/CU_ALU.vhf sub00/vhpl47 1513274342
EN fd8ce_mxilinx_registers NULL C:/Users/Vason/Documents/GitHub/Physics-But-actually-CS-final/minisculeComputer/Registers.vhf sub00/vhpl52 1513274315
EN cb8cle_mxilinx_programcounter NULL C:/Users/Vason/Documents/GitHub/Physics-But-actually-CS-final/minisculeComputer/programCounter.vhf sub00/vhpl20 1513274373
EN signconverter2 NULL C:/Users/Vason/Documents/GitHub/Physics-But-actually-CS-final/minisculeComputer/signConverter2.vhf sub00/vhpl98 1513274291
EN adsu8_mxilinx_alu_component NULL C:/Users/Vason/Documents/GitHub/Physics-But-actually-CS-final/minisculeComputer/ALU_component.vhf sub01/vhpl100 1513274347
AR m2_1_mxilinx_signalmux_32 behavioral C:/Users/Vason/Documents/GitHub/Physics-But-actually-CS-final/minisculeComputer/signalMux_32.vhf sub00/vhpl87 1513274386
EN displaymodule NULL C:/Users/Vason/Documents/GitHub/Physics-But-actually-CS-final/minisculeComputer/DisplayModule.vhf sub00/vhpl58 1513274353
AR signconverter2 behavioral C:/Users/Vason/Documents/GitHub/Physics-But-actually-CS-final/minisculeComputer/signConverter2.vhf sub00/vhpl99 1513274292
AR mainmemory behavioral C:/Users/Vason/Documents/GitHub/Physics-But-actually-CS-final/minisculeComputer/MainMemory.vhf sub00/vhpl35 1513274304
AR cu_read behavioral C:/Users/Vason/Documents/GitHub/Physics-But-actually-CS-final/minisculeComputer/CU_Read.vhf sub00/vhpl65 1513274324
EN m2_1_mxilinx_programcounter NULL C:/Users/Vason/Documents/GitHub/Physics-But-actually-CS-final/minisculeComputer/programCounter.vhf sub00/vhpl16 1513274369
AR fd8ce_mxilinx_minisculcomputer behavioral C:/Users/Vason/Documents/GitHub/Physics-But-actually-CS-final/minisculeComputer/minisculComputer.vhf sub00/vhpl83 1513274382
EN fd8ce_mxilinx_minisculcomputer NULL C:/Users/Vason/Documents/GitHub/Physics-But-actually-CS-final/minisculeComputer/minisculComputer.vhf sub00/vhpl82 1513274381
EN sel_strobeb NULL C:/Users/Vason/Documents/GitHub/Physics-But-actually-CS-final/downloads/sel_strobeB.vhd sub00/vhpl02 1513274277
EN ssd_1dig NULL C:/Users/Vason/Documents/GitHub/Physics-But-actually-CS-final/downloads/SSD_1dig.vhd sub00/vhpl06 1513274281
AR minisculcomputer behavioral C:/Users/Vason/Documents/GitHub/Physics-But-actually-CS-final/minisculeComputer/minisculComputer.vhf sub00/vhpl85 1513274384
AR m2_1_mxilinx_displaymodule behavioral C:/Users/Vason/Documents/GitHub/Physics-But-actually-CS-final/minisculeComputer/DisplayModule.vhf sub00/vhpl57 1513274352
EN cu_write NULL C:/Users/Vason/Documents/GitHub/Physics-But-actually-CS-final/minisculeComputer/CU_Write.vhf sub00/vhpl78 1513274337
EN m2_1_mxilinx_signalmux_32 NULL C:/Users/Vason/Documents/GitHub/Physics-But-actually-CS-final/minisculeComputer/signalMux_32.vhf sub00/vhpl86 1513274385
AR cb8cle_mxilinx_programcounter behavioral C:/Users/Vason/Documents/GitHub/Physics-But-actually-CS-final/minisculeComputer/programCounter.vhf sub00/vhpl21 1513274374
AR m2_1_mxilinx_programcounter behavioral C:/Users/Vason/Documents/GitHub/Physics-But-actually-CS-final/minisculeComputer/programCounter.vhf sub00/vhpl17 1513274370
AR cu_alu behavioral C:/Users/Vason/Documents/GitHub/Physics-But-actually-CS-final/minisculeComputer/CU_ALU.vhf sub00/vhpl51 1513274346
EN m2_1e_mxilinx_cu_read_mux NULL C:/Users/Vason/Documents/GitHub/Physics-But-actually-CS-final/minisculeComputer/CU_Read_MUX.vhf sub00/vhpl66 1513274325
AR mux4ssd behavioral C:/Users/Vason/Documents/GitHub/Physics-But-actually-CS-final/downloads/mux4SSD.vhd sub00/vhpl09 1513274284
EN or6_mxilinx_cu_read NULL C:/Users/Vason/Documents/GitHub/Physics-But-actually-CS-final/minisculeComputer/CU_Read.vhf sub00/vhpl60 1513274319
EN inputprocessor NULL C:/Users/Vason/Documents/GitHub/Physics-But-actually-CS-final/minisculeComputer/inputProcessor.vhf sub01/vhpl116 1513274367
AR m2_1e_mxilinx_mm_signal_mux behavioral C:/Users/Vason/Documents/GitHub/Physics-But-actually-CS-final/minisculeComputer/MM_signal_MUX.vhf sub00/vhpl39 1513274308
AR fd8ce_mxilinx_mem32xbank behavioral C:/Users/Vason/Documents/GitHub/Physics-But-actually-CS-final/minisculeComputer/Mem32xBank.vhf sub00/vhpl13 1513274294
AR m2_1_mxilinx_signconverter2 behavioral C:/Users/Vason/Documents/GitHub/Physics-But-actually-CS-final/minisculeComputer/signConverter2.vhf sub00/vhpl95 1513274288
AR m2_1b1_mxilinx_inputprocessor behavioral C:/Users/Vason/Documents/GitHub/Physics-But-actually-CS-final/minisculeComputer/inputProcessor.vhf sub01/vhpl109 1513274360
EN cb2cled_mxilinx_programcounter NULL C:/Users/Vason/Documents/GitHub/Physics-But-actually-CS-final/minisculeComputer/programCounter.vhf sub00/vhpl24 1513274377
AR sevenseg behavioral C:/Users/Vason/Documents/GitHub/Physics-But-actually-CS-final/minisculeComputer/sevenSeg.vhf sub00/vhpl11 1513274286
AR registers behavioral C:/Users/Vason/Documents/GitHub/Physics-But-actually-CS-final/minisculeComputer/Registers.vhf sub00/vhpl55 1513274318
AR cb2cled_mxilinx_inputprocessor behavioral C:/Users/Vason/Documents/GitHub/Physics-But-actually-CS-final/minisculeComputer/inputProcessor.vhf sub01/vhpl113 1513274364
AR and8_mxilinx_cu_misc behavioral C:/Users/Vason/Documents/GitHub/Physics-But-actually-CS-final/minisculeComputer/CU_Misc.vhf sub00/vhpl31 1513274300
AR m16_1e_mxilinx_signalmux_32 behavioral C:/Users/Vason/Documents/GitHub/Physics-But-actually-CS-final/minisculeComputer/signalMux_32.vhf sub00/vhpl91 1513274390
EN cu_alu NULL C:/Users/Vason/Documents/GitHub/Physics-But-actually-CS-final/minisculeComputer/CU_ALU.vhf sub00/vhpl50 1513274345
EN ftclex_mxilinx_inputprocessor NULL C:/Users/Vason/Documents/GitHub/Physics-But-actually-CS-final/minisculeComputer/inputProcessor.vhf sub01/vhpl110 1513274361
AR cu_read_mux behavioral C:/Users/Vason/Documents/GitHub/Physics-But-actually-CS-final/minisculeComputer/CU_Read_MUX.vhf sub00/vhpl71 1513274330
EN nand8_mxilinx_cu_misc NULL C:/Users/Vason/Documents/GitHub/Physics-But-actually-CS-final/minisculeComputer/CU_Misc.vhf sub00/vhpl28 1513274297
AR displaymodule behavioral C:/Users/Vason/Documents/GitHub/Physics-But-actually-CS-final/minisculeComputer/DisplayModule.vhf sub00/vhpl59 1513274354
AR m2_1_mxilinx_mm_signal_mux behavioral C:/Users/Vason/Documents/GitHub/Physics-But-actually-CS-final/minisculeComputer/MM_signal_MUX.vhf sub00/vhpl37 1513274306
AR crenc4bin behavioral C:/Users/Vason/Documents/GitHub/Physics-But-actually-CS-final/downloads/CRenc4bin.vhd sub00/vhpl81 1513274340
EN m4_1e_mxilinx_cu_alu NULL C:/Users/Vason/Documents/GitHub/Physics-But-actually-CS-final/minisculeComputer/CU_ALU.vhf sub00/vhpl48 1513274343
AR nand8_mxilinx_cu_misc behavioral C:/Users/Vason/Documents/GitHub/Physics-But-actually-CS-final/minisculeComputer/CU_Misc.vhf sub00/vhpl29 1513274298
AR adsu8_mxilinx_alu_component behavioral C:/Users/Vason/Documents/GitHub/Physics-But-actually-CS-final/minisculeComputer/ALU_component.vhf sub01/vhpl101 1513274348
EN cu_read_mux NULL C:/Users/Vason/Documents/GitHub/Physics-But-actually-CS-final/minisculeComputer/CU_Read_MUX.vhf sub00/vhpl70 1513274329
AR d4_16e_mxilinx_inputprocessor behavioral C:/Users/Vason/Documents/GitHub/Physics-But-actually-CS-final/minisculeComputer/inputProcessor.vhf sub01/vhpl105 1513274356
AR ftclex_mxilinx_inputprocessor behavioral C:/Users/Vason/Documents/GitHub/Physics-But-actually-CS-final/minisculeComputer/inputProcessor.vhf sub01/vhpl111 1513274362
EN bin2bcd3en NULL C:/Users/Vason/Documents/GitHub/Physics-But-actually-CS-final/downloads/bin2BCD3en.vhd sub00/vhpl04 1513274279
EN mem32xbank NULL C:/Users/Vason/Documents/GitHub/Physics-But-actually-CS-final/minisculeComputer/Mem32xBank.vhf sub00/vhpl14 1513274295
EN m2_1b1_mxilinx_inputprocessor NULL C:/Users/Vason/Documents/GitHub/Physics-But-actually-CS-final/minisculeComputer/inputProcessor.vhf sub01/vhpl108 1513274359
EN m16_1e_mxilinx_mm_signal_mux NULL C:/Users/Vason/Documents/GitHub/Physics-But-actually-CS-final/minisculeComputer/MM_signal_MUX.vhf sub00/vhpl40 1513274309
AR adsu8_mxilinx_signconverter2 behavioral C:/Users/Vason/Documents/GitHub/Physics-But-actually-CS-final/minisculeComputer/signConverter2.vhf sub00/vhpl97 1513274290
EN or8_mxilinx_cu_write NULL C:/Users/Vason/Documents/GitHub/Physics-But-actually-CS-final/minisculeComputer/CU_Write.vhf sub00/vhpl74 1513274333
EN fd4ce_mxilinx_inputprocessor NULL C:/Users/Vason/Documents/GitHub/Physics-But-actually-CS-final/minisculeComputer/inputProcessor.vhf sub01/vhpl114 1513274365
AR m2_1b1_mxilinx_programcounter behavioral C:/Users/Vason/Documents/GitHub/Physics-But-actually-CS-final/minisculeComputer/programCounter.vhf sub00/vhpl23 1513274376
EN m2_1_mxilinx_mm_signal_mux NULL C:/Users/Vason/Documents/GitHub/Physics-But-actually-CS-final/minisculeComputer/MM_signal_MUX.vhf sub00/vhpl36 1513274305
EN signalmux_32 NULL C:/Users/Vason/Documents/GitHub/Physics-But-actually-CS-final/minisculeComputer/signalMux_32.vhf sub00/vhpl92 1513274391
AR sel_strobeb behavioral C:/Users/Vason/Documents/GitHub/Physics-But-actually-CS-final/downloads/sel_strobeB.vhd sub00/vhpl03 1513274278
AR ssd_1dig behavioral C:/Users/Vason/Documents/GitHub/Physics-But-actually-CS-final/downloads/SSD_1dig.vhd sub00/vhpl07 1513274282
AR cb2cled_mxilinx_programcounter behavioral C:/Users/Vason/Documents/GitHub/Physics-But-actually-CS-final/minisculeComputer/programCounter.vhf sub00/vhpl25 1513274378
EN m2_1_mxilinx_signconverter2 NULL C:/Users/Vason/Documents/GitHub/Physics-But-actually-CS-final/minisculeComputer/signConverter2.vhf sub00/vhpl94 1513274287
EN mux4ssd NULL C:/Users/Vason/Documents/GitHub/Physics-But-actually-CS-final/downloads/mux4SSD.vhd sub00/vhpl08 1513274283
EN programcounter NULL C:/Users/Vason/Documents/GitHub/Physics-But-actually-CS-final/minisculeComputer/programCounter.vhf sub00/vhpl26 1513274379
EN m16_1e_mxilinx_signalmux_32 NULL C:/Users/Vason/Documents/GitHub/Physics-But-actually-CS-final/minisculeComputer/signalMux_32.vhf sub00/vhpl90 1513274389
AR m2_1e_mxilinx_cu_read_mux behavioral C:/Users/Vason/Documents/GitHub/Physics-But-actually-CS-final/minisculeComputer/CU_Read_MUX.vhf sub00/vhpl67 1513274326
AR d2_4e_mxilinx_cu_write behavioral C:/Users/Vason/Documents/GitHub/Physics-But-actually-CS-final/minisculeComputer/CU_Write.vhf sub00/vhpl73 1513274332
EN d2_4e_mxilinx_cu_write NULL C:/Users/Vason/Documents/GitHub/Physics-But-actually-CS-final/minisculeComputer/CU_Write.vhf sub00/vhpl72 1513274331
AR and8_mxilinx_cu_read behavioral C:/Users/Vason/Documents/GitHub/Physics-But-actually-CS-final/minisculeComputer/CU_Read.vhf sub00/vhpl63 1513274322
EN cu_misc NULL C:/Users/Vason/Documents/GitHub/Physics-But-actually-CS-final/minisculeComputer/CU_Misc.vhf sub00/vhpl32 1513274301
EN adsu8_mxilinx_signconverter2 NULL C:/Users/Vason/Documents/GitHub/Physics-But-actually-CS-final/minisculeComputer/signConverter2.vhf sub00/vhpl96 1513274289
AR mm_signal_mux behavioral C:/Users/Vason/Documents/GitHub/Physics-But-actually-CS-final/minisculeComputer/MM_signal_MUX.vhf sub00/vhpl45 1513274314
EN ftclex_mxilinx_programcounter NULL C:/Users/Vason/Documents/GitHub/Physics-But-actually-CS-final/minisculeComputer/programCounter.vhf sub00/vhpl18 1513274371
AR ftclex_mxilinx_programcounter behavioral C:/Users/Vason/Documents/GitHub/Physics-But-actually-CS-final/minisculeComputer/programCounter.vhf sub00/vhpl19 1513274372
EN and8_mxilinx_cu_write NULL C:/Users/Vason/Documents/GitHub/Physics-But-actually-CS-final/minisculeComputer/CU_Write.vhf sub00/vhpl76 1513274335
EN m2_1_mxilinx_displaymodule NULL C:/Users/Vason/Documents/GitHub/Physics-But-actually-CS-final/minisculeComputer/DisplayModule.vhf sub00/vhpl56 1513274351
AR inputprocessor behavioral C:/Users/Vason/Documents/GitHub/Physics-But-actually-CS-final/minisculeComputer/inputProcessor.vhf sub01/vhpl117 1513274368
EN m2_1e_mxilinx_cu_alu NULL C:/Users/Vason/Documents/GitHub/Physics-But-actually-CS-final/minisculeComputer/CU_ALU.vhf sub00/vhpl46 1513274341
AR and8_mxilinx_cu_write behavioral C:/Users/Vason/Documents/GitHub/Physics-But-actually-CS-final/minisculeComputer/CU_Write.vhf sub00/vhpl77 1513274336
EN signalmux_32_muser_mm_signal_mux NULL C:/Users/Vason/Documents/GitHub/Physics-But-actually-CS-final/minisculeComputer/MM_signal_MUX.vhf sub00/vhpl42 1513274311
EN and8_mxilinx_cu_misc NULL C:/Users/Vason/Documents/GitHub/Physics-But-actually-CS-final/minisculeComputer/CU_Misc.vhf sub00/vhpl30 1513274299
AR fd4ce_mxilinx_inputprocessor behavioral C:/Users/Vason/Documents/GitHub/Physics-But-actually-CS-final/minisculeComputer/inputProcessor.vhf sub01/vhpl115 1513274366
EN m2_1_mxilinx_inputprocessor NULL C:/Users/Vason/Documents/GitHub/Physics-But-actually-CS-final/minisculeComputer/inputProcessor.vhf sub01/vhpl106 1513274357
AR signalmux_32_muser_mm_signal_mux behavioral C:/Users/Vason/Documents/GitHub/Physics-But-actually-CS-final/minisculeComputer/MM_signal_MUX.vhf sub00/vhpl43 1513274312
AR cu_misc behavioral C:/Users/Vason/Documents/GitHub/Physics-But-actually-CS-final/minisculeComputer/CU_Misc.vhf sub00/vhpl33 1513274302
AR or6_mxilinx_cu_read behavioral C:/Users/Vason/Documents/GitHub/Physics-But-actually-CS-final/minisculeComputer/CU_Read.vhf sub00/vhpl61 1513274320
EN alu_component NULL C:/Users/Vason/Documents/GitHub/Physics-But-actually-CS-final/minisculeComputer/ALU_component.vhf sub01/vhpl102 1513274349
AR or8_mxilinx_cu_write behavioral C:/Users/Vason/Documents/GitHub/Physics-But-actually-CS-final/minisculeComputer/CU_Write.vhf sub00/vhpl75 1513274334
EN m2_1b1_mxilinx_programcounter NULL C:/Users/Vason/Documents/GitHub/Physics-But-actually-CS-final/minisculeComputer/programCounter.vhf sub00/vhpl22 1513274375
AR m4_1e_mxilinx_cu_alu behavioral C:/Users/Vason/Documents/GitHub/Physics-But-actually-CS-final/minisculeComputer/CU_ALU.vhf sub00/vhpl49 1513274344
AR alu_component behavioral C:/Users/Vason/Documents/GitHub/Physics-But-actually-CS-final/minisculeComputer/ALU_component.vhf sub01/vhpl103 1513274350
AR bin2bcd3en behavioral C:/Users/Vason/Documents/GitHub/Physics-But-actually-CS-final/downloads/bin2BCD3en.vhd sub00/vhpl05 1513274280
AR mem32xbank behavioral C:/Users/Vason/Documents/GitHub/Physics-But-actually-CS-final/minisculeComputer/Mem32xBank.vhf sub00/vhpl15 1513274296
AR fd8ce_mxilinx_registers behavioral C:/Users/Vason/Documents/GitHub/Physics-But-actually-CS-final/minisculeComputer/Registers.vhf sub00/vhpl53 1513274316
EN mm_signal_mux NULL C:/Users/Vason/Documents/GitHub/Physics-But-actually-CS-final/minisculeComputer/MM_signal_MUX.vhf sub00/vhpl44 1513274313
EN d4_16e_mxilinx_inputprocessor NULL C:/Users/Vason/Documents/GitHub/Physics-But-actually-CS-final/minisculeComputer/inputProcessor.vhf sub01/vhpl104 1513274355
EN mainmemory NULL C:/Users/Vason/Documents/GitHub/Physics-But-actually-CS-final/minisculeComputer/MainMemory.vhf sub00/vhpl34 1513274303
EN cu_read NULL C:/Users/Vason/Documents/GitHub/Physics-But-actually-CS-final/minisculeComputer/CU_Read.vhf sub00/vhpl64 1513274323
EN m2_1e_mxilinx_signalmux_32 NULL C:/Users/Vason/Documents/GitHub/Physics-But-actually-CS-final/minisculeComputer/signalMux_32.vhf sub00/vhpl88 1513274387
EN m4_1e_mxilinx_cu_read_mux NULL C:/Users/Vason/Documents/GitHub/Physics-But-actually-CS-final/minisculeComputer/CU_Read_MUX.vhf sub00/vhpl68 1513274327
AR signalmux_32 behavioral C:/Users/Vason/Documents/GitHub/Physics-But-actually-CS-final/minisculeComputer/signalMux_32.vhf sub00/vhpl93 1513274392
EN crenc4bin NULL C:/Users/Vason/Documents/GitHub/Physics-But-actually-CS-final/downloads/CRenc4bin.vhd sub00/vhpl80 1513274339
AR m2_1_mxilinx_inputprocessor behavioral C:/Users/Vason/Documents/GitHub/Physics-But-actually-CS-final/minisculeComputer/inputProcessor.vhf sub01/vhpl107 1513274358
EN cb2cled_mxilinx_inputprocessor NULL C:/Users/Vason/Documents/GitHub/Physics-But-actually-CS-final/minisculeComputer/inputProcessor.vhf sub01/vhpl112 1513274363
EN fd8ce_mxilinx_mem32xbank NULL C:/Users/Vason/Documents/GitHub/Physics-But-actually-CS-final/minisculeComputer/Mem32xBank.vhf sub00/vhpl12 1513274293
AR m4_1e_mxilinx_cu_read_mux behavioral C:/Users/Vason/Documents/GitHub/Physics-But-actually-CS-final/minisculeComputer/CU_Read_MUX.vhf sub00/vhpl69 1513274328
EN sevenseg NULL C:/Users/Vason/Documents/GitHub/Physics-But-actually-CS-final/minisculeComputer/sevenSeg.vhf sub00/vhpl10 1513274285
EN registers NULL C:/Users/Vason/Documents/GitHub/Physics-But-actually-CS-final/minisculeComputer/Registers.vhf sub00/vhpl54 1513274317
AR cu_write behavioral C:/Users/Vason/Documents/GitHub/Physics-But-actually-CS-final/minisculeComputer/CU_Write.vhf sub00/vhpl79 1513274338
AR m16_1e_mxilinx_mm_signal_mux behavioral C:/Users/Vason/Documents/GitHub/Physics-But-actually-CS-final/minisculeComputer/MM_signal_MUX.vhf sub00/vhpl41 1513274310
AR dcm_50m behavioral C:/Users/Vason/Documents/GitHub/Physics-But-actually-CS-final/downloads/DCM_50M.vhd sub00/vhpl01 1513274276
