AR programcounter behavioral C:/Users/Vason/Documents/GitHub/Physics-But-actually-CS-final/minisculeComputer/programCounter.vhf sub00/vhpl27 1513272596
EN minisculcomputer NULL C:/Users/Vason/Documents/GitHub/Physics-But-actually-CS-final/minisculeComputer/minisculComputer.vhf sub00/vhpl84 1513272609
EN dcm_50m NULL C:/Users/Vason/Documents/GitHub/Physics-But-actually-CS-final/downloads/DCM_50M.vhd sub00/vhpl00 1513272515
EN m2_1e_mxilinx_mm_signal_mux NULL C:/Users/Vason/Documents/GitHub/Physics-But-actually-CS-final/minisculeComputer/MM_signal_MUX.vhf sub00/vhpl38 1513272547
EN and8_mxilinx_cu_read NULL C:/Users/Vason/Documents/GitHub/Physics-But-actually-CS-final/minisculeComputer/CU_Read.vhf sub00/vhpl62 1513272565
AR m2_1e_mxilinx_signalmux_32 behavioral C:/Users/Vason/Documents/GitHub/Physics-But-actually-CS-final/minisculeComputer/signalMux_32.vhf sub00/vhpl89 1513268107
AR m2_1e_mxilinx_cu_alu behavioral C:/Users/Vason/Documents/GitHub/Physics-But-actually-CS-final/minisculeComputer/CU_ALU.vhf sub00/vhpl47 1513272602
EN fd8ce_mxilinx_registers NULL C:/Users/Vason/Documents/GitHub/Physics-But-actually-CS-final/minisculeComputer/Registers.vhf sub00/vhpl52 1513272555
EN cb8cle_mxilinx_programcounter NULL C:/Users/Vason/Documents/GitHub/Physics-But-actually-CS-final/minisculeComputer/programCounter.vhf sub00/vhpl20 1513272589
EN signconverter2 NULL C:/Users/Vason/Documents/GitHub/Physics-But-actually-CS-final/minisculeComputer/signConverter2.vhf sub00/vhpl98 1513272529
EN adsu8_mxilinx_alu_component NULL C:/Users/Vason/Documents/GitHub/Physics-But-actually-CS-final/minisculeComputer/ALU_component.vhf sub01/vhpl100 1513272597
AR m2_1_mxilinx_signalmux_32 behavioral C:/Users/Vason/Documents/GitHub/Physics-But-actually-CS-final/minisculeComputer/signalMux_32.vhf sub00/vhpl87 1513268105
EN displaymodule NULL C:/Users/Vason/Documents/GitHub/Physics-But-actually-CS-final/minisculeComputer/DisplayModule.vhf sub00/vhpl58 1513272561
AR signconverter2 behavioral C:/Users/Vason/Documents/GitHub/Physics-But-actually-CS-final/minisculeComputer/signConverter2.vhf sub00/vhpl99 1513272530
AR mainmemory behavioral C:/Users/Vason/Documents/GitHub/Physics-But-actually-CS-final/minisculeComputer/MainMemory.vhf sub00/vhpl35 1513272544
AR cu_read behavioral C:/Users/Vason/Documents/GitHub/Physics-But-actually-CS-final/minisculeComputer/CU_Read.vhf sub00/vhpl65 1513272568
EN m2_1_mxilinx_programcounter NULL C:/Users/Vason/Documents/GitHub/Physics-But-actually-CS-final/minisculeComputer/programCounter.vhf sub00/vhpl16 1513272585
AR fd8ce_mxilinx_minisculcomputer behavioral C:/Users/Vason/Documents/GitHub/Physics-But-actually-CS-final/minisculeComputer/minisculComputer.vhf sub00/vhpl83 1513272608
EN fd8ce_mxilinx_minisculcomputer NULL C:/Users/Vason/Documents/GitHub/Physics-But-actually-CS-final/minisculeComputer/minisculComputer.vhf sub00/vhpl82 1513272607
EN sel_strobeb NULL C:/Users/Vason/Documents/GitHub/Physics-But-actually-CS-final/downloads/sel_strobeB.vhd sub00/vhpl02 1513272517
EN ssd_1dig NULL C:/Users/Vason/Documents/GitHub/Physics-But-actually-CS-final/downloads/SSD_1dig.vhd sub00/vhpl06 1513272521
AR minisculcomputer behavioral C:/Users/Vason/Documents/GitHub/Physics-But-actually-CS-final/minisculeComputer/minisculComputer.vhf sub00/vhpl85 1513268103
AR m2_1_mxilinx_displaymodule behavioral C:/Users/Vason/Documents/GitHub/Physics-But-actually-CS-final/minisculeComputer/DisplayModule.vhf sub00/vhpl57 1513272560
EN cu_write NULL C:/Users/Vason/Documents/GitHub/Physics-But-actually-CS-final/minisculeComputer/CU_Write.vhf sub00/vhpl78 1513272581
EN m2_1_mxilinx_signalmux_32 NULL C:/Users/Vason/Documents/GitHub/Physics-But-actually-CS-final/minisculeComputer/signalMux_32.vhf sub00/vhpl86 1513268104
AR cb8cle_mxilinx_programcounter behavioral C:/Users/Vason/Documents/GitHub/Physics-But-actually-CS-final/minisculeComputer/programCounter.vhf sub00/vhpl21 1513272590
AR m2_1_mxilinx_programcounter behavioral C:/Users/Vason/Documents/GitHub/Physics-But-actually-CS-final/minisculeComputer/programCounter.vhf sub00/vhpl17 1513272586
AR cu_alu behavioral C:/Users/Vason/Documents/GitHub/Physics-But-actually-CS-final/minisculeComputer/CU_ALU.vhf sub00/vhpl51 1513272606
EN m2_1e_mxilinx_cu_read_mux NULL C:/Users/Vason/Documents/GitHub/Physics-But-actually-CS-final/minisculeComputer/CU_Read_MUX.vhf sub00/vhpl66 1513272569
AR mux4ssd behavioral C:/Users/Vason/Documents/GitHub/Physics-But-actually-CS-final/downloads/mux4SSD.vhd sub00/vhpl09 1513272524
EN or6_mxilinx_cu_read NULL C:/Users/Vason/Documents/GitHub/Physics-But-actually-CS-final/minisculeComputer/CU_Read.vhf sub00/vhpl60 1513272563
AR m2_1e_mxilinx_mm_signal_mux behavioral C:/Users/Vason/Documents/GitHub/Physics-But-actually-CS-final/minisculeComputer/MM_signal_MUX.vhf sub00/vhpl39 1513272548
AR fd8ce_mxilinx_mem32xbank behavioral C:/Users/Vason/Documents/GitHub/Physics-But-actually-CS-final/minisculeComputer/Mem32xBank.vhf sub00/vhpl13 1513272534
AR m2_1_mxilinx_signconverter2 behavioral C:/Users/Vason/Documents/GitHub/Physics-But-actually-CS-final/minisculeComputer/signConverter2.vhf sub00/vhpl95 1513272526
EN cb2cled_mxilinx_programcounter NULL C:/Users/Vason/Documents/GitHub/Physics-But-actually-CS-final/minisculeComputer/programCounter.vhf sub00/vhpl24 1513272593
AR sevenseg behavioral C:/Users/Vason/Documents/GitHub/Physics-But-actually-CS-final/minisculeComputer/sevenSeg.vhf sub00/vhpl11 1513272532
AR registers behavioral C:/Users/Vason/Documents/GitHub/Physics-But-actually-CS-final/minisculeComputer/Registers.vhf sub00/vhpl55 1513272558
AR and8_mxilinx_cu_misc behavioral C:/Users/Vason/Documents/GitHub/Physics-But-actually-CS-final/minisculeComputer/CU_Misc.vhf sub00/vhpl31 1513272540
AR m16_1e_mxilinx_signalmux_32 behavioral C:/Users/Vason/Documents/GitHub/Physics-But-actually-CS-final/minisculeComputer/signalMux_32.vhf sub00/vhpl91 1513268109
EN cu_alu NULL C:/Users/Vason/Documents/GitHub/Physics-But-actually-CS-final/minisculeComputer/CU_ALU.vhf sub00/vhpl50 1513272605
AR cu_read_mux behavioral C:/Users/Vason/Documents/GitHub/Physics-But-actually-CS-final/minisculeComputer/CU_Read_MUX.vhf sub00/vhpl71 1513272574
EN nand8_mxilinx_cu_misc NULL C:/Users/Vason/Documents/GitHub/Physics-But-actually-CS-final/minisculeComputer/CU_Misc.vhf sub00/vhpl28 1513272537
AR displaymodule behavioral C:/Users/Vason/Documents/GitHub/Physics-But-actually-CS-final/minisculeComputer/DisplayModule.vhf sub00/vhpl59 1513272562
AR m2_1_mxilinx_mm_signal_mux behavioral C:/Users/Vason/Documents/GitHub/Physics-But-actually-CS-final/minisculeComputer/MM_signal_MUX.vhf sub00/vhpl37 1513272546
AR crenc4bin behavioral C:/Users/Vason/Documents/GitHub/Physics-But-actually-CS-final/downloads/CRenc4bin.vhd sub00/vhpl81 1513272584
EN m4_1e_mxilinx_cu_alu NULL C:/Users/Vason/Documents/GitHub/Physics-But-actually-CS-final/minisculeComputer/CU_ALU.vhf sub00/vhpl48 1513272603
AR nand8_mxilinx_cu_misc behavioral C:/Users/Vason/Documents/GitHub/Physics-But-actually-CS-final/minisculeComputer/CU_Misc.vhf sub00/vhpl29 1513272538
AR adsu8_mxilinx_alu_component behavioral C:/Users/Vason/Documents/GitHub/Physics-But-actually-CS-final/minisculeComputer/ALU_component.vhf sub01/vhpl101 1513272598
EN cu_read_mux NULL C:/Users/Vason/Documents/GitHub/Physics-But-actually-CS-final/minisculeComputer/CU_Read_MUX.vhf sub00/vhpl70 1513272573
EN bin2bcd3en NULL C:/Users/Vason/Documents/GitHub/Physics-But-actually-CS-final/downloads/bin2BCD3en.vhd sub00/vhpl04 1513272519
EN mem32xbank NULL C:/Users/Vason/Documents/GitHub/Physics-But-actually-CS-final/minisculeComputer/Mem32xBank.vhf sub00/vhpl14 1513272535
EN m16_1e_mxilinx_mm_signal_mux NULL C:/Users/Vason/Documents/GitHub/Physics-But-actually-CS-final/minisculeComputer/MM_signal_MUX.vhf sub00/vhpl40 1513272549
AR adsu8_mxilinx_signconverter2 behavioral C:/Users/Vason/Documents/GitHub/Physics-But-actually-CS-final/minisculeComputer/signConverter2.vhf sub00/vhpl97 1513272528
EN or8_mxilinx_cu_write NULL C:/Users/Vason/Documents/GitHub/Physics-But-actually-CS-final/minisculeComputer/CU_Write.vhf sub00/vhpl74 1513272577
AR m2_1b1_mxilinx_programcounter behavioral C:/Users/Vason/Documents/GitHub/Physics-But-actually-CS-final/minisculeComputer/programCounter.vhf sub00/vhpl23 1513272592
EN m2_1_mxilinx_mm_signal_mux NULL C:/Users/Vason/Documents/GitHub/Physics-But-actually-CS-final/minisculeComputer/MM_signal_MUX.vhf sub00/vhpl36 1513272545
EN signalmux_32 NULL C:/Users/Vason/Documents/GitHub/Physics-But-actually-CS-final/minisculeComputer/signalMux_32.vhf sub00/vhpl92 1513268110
AR sel_strobeb behavioral C:/Users/Vason/Documents/GitHub/Physics-But-actually-CS-final/downloads/sel_strobeB.vhd sub00/vhpl03 1513272518
AR ssd_1dig behavioral C:/Users/Vason/Documents/GitHub/Physics-But-actually-CS-final/downloads/SSD_1dig.vhd sub00/vhpl07 1513272522
AR cb2cled_mxilinx_programcounter behavioral C:/Users/Vason/Documents/GitHub/Physics-But-actually-CS-final/minisculeComputer/programCounter.vhf sub00/vhpl25 1513272594
EN m2_1_mxilinx_signconverter2 NULL C:/Users/Vason/Documents/GitHub/Physics-But-actually-CS-final/minisculeComputer/signConverter2.vhf sub00/vhpl94 1513272525
EN mux4ssd NULL C:/Users/Vason/Documents/GitHub/Physics-But-actually-CS-final/downloads/mux4SSD.vhd sub00/vhpl08 1513272523
EN programcounter NULL C:/Users/Vason/Documents/GitHub/Physics-But-actually-CS-final/minisculeComputer/programCounter.vhf sub00/vhpl26 1513272595
EN m16_1e_mxilinx_signalmux_32 NULL C:/Users/Vason/Documents/GitHub/Physics-But-actually-CS-final/minisculeComputer/signalMux_32.vhf sub00/vhpl90 1513268108
AR m2_1e_mxilinx_cu_read_mux behavioral C:/Users/Vason/Documents/GitHub/Physics-But-actually-CS-final/minisculeComputer/CU_Read_MUX.vhf sub00/vhpl67 1513272570
AR d2_4e_mxilinx_cu_write behavioral C:/Users/Vason/Documents/GitHub/Physics-But-actually-CS-final/minisculeComputer/CU_Write.vhf sub00/vhpl73 1513272576
EN d2_4e_mxilinx_cu_write NULL C:/Users/Vason/Documents/GitHub/Physics-But-actually-CS-final/minisculeComputer/CU_Write.vhf sub00/vhpl72 1513272575
AR and8_mxilinx_cu_read behavioral C:/Users/Vason/Documents/GitHub/Physics-But-actually-CS-final/minisculeComputer/CU_Read.vhf sub00/vhpl63 1513272566
EN cu_misc NULL C:/Users/Vason/Documents/GitHub/Physics-But-actually-CS-final/minisculeComputer/CU_Misc.vhf sub00/vhpl32 1513272541
EN adsu8_mxilinx_signconverter2 NULL C:/Users/Vason/Documents/GitHub/Physics-But-actually-CS-final/minisculeComputer/signConverter2.vhf sub00/vhpl96 1513272527
AR mm_signal_mux behavioral C:/Users/Vason/Documents/GitHub/Physics-But-actually-CS-final/minisculeComputer/MM_signal_MUX.vhf sub00/vhpl45 1513272554
EN ftclex_mxilinx_programcounter NULL C:/Users/Vason/Documents/GitHub/Physics-But-actually-CS-final/minisculeComputer/programCounter.vhf sub00/vhpl18 1513272587
AR ftclex_mxilinx_programcounter behavioral C:/Users/Vason/Documents/GitHub/Physics-But-actually-CS-final/minisculeComputer/programCounter.vhf sub00/vhpl19 1513272588
EN and8_mxilinx_cu_write NULL C:/Users/Vason/Documents/GitHub/Physics-But-actually-CS-final/minisculeComputer/CU_Write.vhf sub00/vhpl76 1513272579
EN m2_1_mxilinx_displaymodule NULL C:/Users/Vason/Documents/GitHub/Physics-But-actually-CS-final/minisculeComputer/DisplayModule.vhf sub00/vhpl56 1513272559
EN m2_1e_mxilinx_cu_alu NULL C:/Users/Vason/Documents/GitHub/Physics-But-actually-CS-final/minisculeComputer/CU_ALU.vhf sub00/vhpl46 1513272601
AR and8_mxilinx_cu_write behavioral C:/Users/Vason/Documents/GitHub/Physics-But-actually-CS-final/minisculeComputer/CU_Write.vhf sub00/vhpl77 1513272580
EN signalmux_32_muser_mm_signal_mux NULL C:/Users/Vason/Documents/GitHub/Physics-But-actually-CS-final/minisculeComputer/MM_signal_MUX.vhf sub00/vhpl42 1513272551
EN and8_mxilinx_cu_misc NULL C:/Users/Vason/Documents/GitHub/Physics-But-actually-CS-final/minisculeComputer/CU_Misc.vhf sub00/vhpl30 1513272539
AR signalmux_32_muser_mm_signal_mux behavioral C:/Users/Vason/Documents/GitHub/Physics-But-actually-CS-final/minisculeComputer/MM_signal_MUX.vhf sub00/vhpl43 1513272552
AR cu_misc behavioral C:/Users/Vason/Documents/GitHub/Physics-But-actually-CS-final/minisculeComputer/CU_Misc.vhf sub00/vhpl33 1513272542
AR or6_mxilinx_cu_read behavioral C:/Users/Vason/Documents/GitHub/Physics-But-actually-CS-final/minisculeComputer/CU_Read.vhf sub00/vhpl61 1513272564
EN alu_component NULL C:/Users/Vason/Documents/GitHub/Physics-But-actually-CS-final/minisculeComputer/ALU_component.vhf sub01/vhpl102 1513272599
AR or8_mxilinx_cu_write behavioral C:/Users/Vason/Documents/GitHub/Physics-But-actually-CS-final/minisculeComputer/CU_Write.vhf sub00/vhpl75 1513272578
EN m2_1b1_mxilinx_programcounter NULL C:/Users/Vason/Documents/GitHub/Physics-But-actually-CS-final/minisculeComputer/programCounter.vhf sub00/vhpl22 1513272591
AR m4_1e_mxilinx_cu_alu behavioral C:/Users/Vason/Documents/GitHub/Physics-But-actually-CS-final/minisculeComputer/CU_ALU.vhf sub00/vhpl49 1513272604
AR alu_component behavioral C:/Users/Vason/Documents/GitHub/Physics-But-actually-CS-final/minisculeComputer/ALU_component.vhf sub01/vhpl103 1513272600
AR bin2bcd3en behavioral C:/Users/Vason/Documents/GitHub/Physics-But-actually-CS-final/downloads/bin2BCD3en.vhd sub00/vhpl05 1513272520
AR mem32xbank behavioral C:/Users/Vason/Documents/GitHub/Physics-But-actually-CS-final/minisculeComputer/Mem32xBank.vhf sub00/vhpl15 1513272536
AR fd8ce_mxilinx_registers behavioral C:/Users/Vason/Documents/GitHub/Physics-But-actually-CS-final/minisculeComputer/Registers.vhf sub00/vhpl53 1513272556
EN mm_signal_mux NULL C:/Users/Vason/Documents/GitHub/Physics-But-actually-CS-final/minisculeComputer/MM_signal_MUX.vhf sub00/vhpl44 1513272553
EN mainmemory NULL C:/Users/Vason/Documents/GitHub/Physics-But-actually-CS-final/minisculeComputer/MainMemory.vhf sub00/vhpl34 1513272543
EN cu_read NULL C:/Users/Vason/Documents/GitHub/Physics-But-actually-CS-final/minisculeComputer/CU_Read.vhf sub00/vhpl64 1513272567
EN m2_1e_mxilinx_signalmux_32 NULL C:/Users/Vason/Documents/GitHub/Physics-But-actually-CS-final/minisculeComputer/signalMux_32.vhf sub00/vhpl88 1513268106
EN m4_1e_mxilinx_cu_read_mux NULL C:/Users/Vason/Documents/GitHub/Physics-But-actually-CS-final/minisculeComputer/CU_Read_MUX.vhf sub00/vhpl68 1513272571
AR signalmux_32 behavioral C:/Users/Vason/Documents/GitHub/Physics-But-actually-CS-final/minisculeComputer/signalMux_32.vhf sub00/vhpl93 1513268111
EN crenc4bin NULL C:/Users/Vason/Documents/GitHub/Physics-But-actually-CS-final/downloads/CRenc4bin.vhd sub00/vhpl80 1513272583
EN fd8ce_mxilinx_mem32xbank NULL C:/Users/Vason/Documents/GitHub/Physics-But-actually-CS-final/minisculeComputer/Mem32xBank.vhf sub00/vhpl12 1513272533
AR m4_1e_mxilinx_cu_read_mux behavioral C:/Users/Vason/Documents/GitHub/Physics-But-actually-CS-final/minisculeComputer/CU_Read_MUX.vhf sub00/vhpl69 1513272572
EN sevenseg NULL C:/Users/Vason/Documents/GitHub/Physics-But-actually-CS-final/minisculeComputer/sevenSeg.vhf sub00/vhpl10 1513272531
EN registers NULL C:/Users/Vason/Documents/GitHub/Physics-But-actually-CS-final/minisculeComputer/Registers.vhf sub00/vhpl54 1513272557
AR cu_write behavioral C:/Users/Vason/Documents/GitHub/Physics-But-actually-CS-final/minisculeComputer/CU_Write.vhf sub00/vhpl79 1513272582
AR m16_1e_mxilinx_mm_signal_mux behavioral C:/Users/Vason/Documents/GitHub/Physics-But-actually-CS-final/minisculeComputer/MM_signal_MUX.vhf sub00/vhpl41 1513272550
AR dcm_50m behavioral C:/Users/Vason/Documents/GitHub/Physics-But-actually-CS-final/downloads/DCM_50M.vhd sub00/vhpl01 1513272516
