AR programcounter behavioral C:/Users/Vason/Documents/GitHub/Physics-But-actually-CS-final/minisculeComputer/programCounter.vhf sub00/vhpl27 1513268045
EN minisculcomputer NULL C:/Users/Vason/Documents/GitHub/Physics-But-actually-CS-final/minisculeComputer/minisculComputer.vhf sub00/vhpl84 1513268102
EN dcm_50m NULL C:/Users/Vason/Documents/GitHub/Physics-But-actually-CS-final/downloads/DCM_50M.vhd sub00/vhpl00 1513268018
EN m2_1e_mxilinx_mm_signal_mux NULL C:/Users/Vason/Documents/GitHub/Physics-But-actually-CS-final/minisculeComputer/MM_signal_MUX.vhf sub00/vhpl38 1513268056
EN and8_mxilinx_cu_read NULL C:/Users/Vason/Documents/GitHub/Physics-But-actually-CS-final/minisculeComputer/CU_Read.vhf sub00/vhpl62 1513268080
AR m2_1e_mxilinx_signalmux_32 behavioral C:/Users/Vason/Documents/GitHub/Physics-But-actually-CS-final/minisculeComputer/signalMux_32.vhf sub00/vhpl89 1513268107
AR m2_1e_mxilinx_cu_alu behavioral C:/Users/Vason/Documents/GitHub/Physics-But-actually-CS-final/minisculeComputer/CU_ALU.vhf sub00/vhpl47 1513268065
EN fd8ce_mxilinx_registers NULL C:/Users/Vason/Documents/GitHub/Physics-But-actually-CS-final/minisculeComputer/Registers.vhf sub00/vhpl52 1513268070
EN cb8cle_mxilinx_programcounter NULL C:/Users/Vason/Documents/GitHub/Physics-But-actually-CS-final/minisculeComputer/programCounter.vhf sub00/vhpl20 1513268038
AR m2_1_mxilinx_signalmux_32 behavioral C:/Users/Vason/Documents/GitHub/Physics-But-actually-CS-final/minisculeComputer/signalMux_32.vhf sub00/vhpl87 1513268105
EN displaymodule NULL C:/Users/Vason/Documents/GitHub/Physics-But-actually-CS-final/minisculeComputer/DisplayModule.vhf sub00/vhpl58 1513268076
AR mainmemory behavioral C:/Users/Vason/Documents/GitHub/Physics-But-actually-CS-final/minisculeComputer/MainMemory.vhf sub00/vhpl35 1513268053
AR cu_read behavioral C:/Users/Vason/Documents/GitHub/Physics-But-actually-CS-final/minisculeComputer/CU_Read.vhf sub00/vhpl65 1513268083
EN m2_1_mxilinx_programcounter NULL C:/Users/Vason/Documents/GitHub/Physics-But-actually-CS-final/minisculeComputer/programCounter.vhf sub00/vhpl16 1513268034
AR fd8ce_mxilinx_minisculcomputer behavioral C:/Users/Vason/Documents/GitHub/Physics-But-actually-CS-final/minisculeComputer/minisculComputer.vhf sub00/vhpl83 1513268101
EN fd8ce_mxilinx_minisculcomputer NULL C:/Users/Vason/Documents/GitHub/Physics-But-actually-CS-final/minisculeComputer/minisculComputer.vhf sub00/vhpl82 1513268100
EN sel_strobeb NULL C:/Users/Vason/Documents/GitHub/Physics-But-actually-CS-final/downloads/sel_strobeB.vhd sub00/vhpl02 1513268020
AR minisculcomputer behavioral C:/Users/Vason/Documents/GitHub/Physics-But-actually-CS-final/minisculeComputer/minisculComputer.vhf sub00/vhpl85 1513268103
EN ssd_1dig NULL C:/Users/Vason/Documents/GitHub/Physics-But-actually-CS-final/downloads/SSD_1dig.vhd sub00/vhpl06 1513268024
AR m2_1_mxilinx_displaymodule behavioral C:/Users/Vason/Documents/GitHub/Physics-But-actually-CS-final/minisculeComputer/DisplayModule.vhf sub00/vhpl57 1513268075
EN cu_write NULL C:/Users/Vason/Documents/GitHub/Physics-But-actually-CS-final/minisculeComputer/CU_Write.vhf sub00/vhpl78 1513268096
EN m2_1_mxilinx_signalmux_32 NULL C:/Users/Vason/Documents/GitHub/Physics-But-actually-CS-final/minisculeComputer/signalMux_32.vhf sub00/vhpl86 1513268104
AR cb8cle_mxilinx_programcounter behavioral C:/Users/Vason/Documents/GitHub/Physics-But-actually-CS-final/minisculeComputer/programCounter.vhf sub00/vhpl21 1513268039
AR m2_1_mxilinx_programcounter behavioral C:/Users/Vason/Documents/GitHub/Physics-But-actually-CS-final/minisculeComputer/programCounter.vhf sub00/vhpl17 1513268035
AR cu_alu behavioral C:/Users/Vason/Documents/GitHub/Physics-But-actually-CS-final/minisculeComputer/CU_ALU.vhf sub00/vhpl51 1513268069
EN m2_1e_mxilinx_cu_read_mux NULL C:/Users/Vason/Documents/GitHub/Physics-But-actually-CS-final/minisculeComputer/CU_Read_MUX.vhf sub00/vhpl66 1513268084
AR mux4ssd behavioral C:/Users/Vason/Documents/GitHub/Physics-But-actually-CS-final/downloads/mux4SSD.vhd sub00/vhpl09 1513268027
EN or6_mxilinx_cu_read NULL C:/Users/Vason/Documents/GitHub/Physics-But-actually-CS-final/minisculeComputer/CU_Read.vhf sub00/vhpl60 1513268078
AR m2_1e_mxilinx_mm_signal_mux behavioral C:/Users/Vason/Documents/GitHub/Physics-But-actually-CS-final/minisculeComputer/MM_signal_MUX.vhf sub00/vhpl39 1513268057
AR fd8ce_mxilinx_mem32xbank behavioral C:/Users/Vason/Documents/GitHub/Physics-But-actually-CS-final/minisculeComputer/Mem32xBank.vhf sub00/vhpl13 1513268031
EN cb2cled_mxilinx_programcounter NULL C:/Users/Vason/Documents/GitHub/Physics-But-actually-CS-final/minisculeComputer/programCounter.vhf sub00/vhpl24 1513268042
AR sevenseg behavioral C:/Users/Vason/Documents/GitHub/Physics-But-actually-CS-final/minisculeComputer/sevenSeg.vhf sub00/vhpl11 1513268029
AR registers behavioral C:/Users/Vason/Documents/GitHub/Physics-But-actually-CS-final/minisculeComputer/Registers.vhf sub00/vhpl55 1513268073
AR and8_mxilinx_cu_misc behavioral C:/Users/Vason/Documents/GitHub/Physics-But-actually-CS-final/minisculeComputer/CU_Misc.vhf sub00/vhpl31 1513268049
AR m16_1e_mxilinx_signalmux_32 behavioral C:/Users/Vason/Documents/GitHub/Physics-But-actually-CS-final/minisculeComputer/signalMux_32.vhf sub00/vhpl91 1513268109
EN cu_alu NULL C:/Users/Vason/Documents/GitHub/Physics-But-actually-CS-final/minisculeComputer/CU_ALU.vhf sub00/vhpl50 1513268068
AR cu_read_mux behavioral C:/Users/Vason/Documents/GitHub/Physics-But-actually-CS-final/minisculeComputer/CU_Read_MUX.vhf sub00/vhpl71 1513268089
EN nand8_mxilinx_cu_misc NULL C:/Users/Vason/Documents/GitHub/Physics-But-actually-CS-final/minisculeComputer/CU_Misc.vhf sub00/vhpl28 1513268046
AR displaymodule behavioral C:/Users/Vason/Documents/GitHub/Physics-But-actually-CS-final/minisculeComputer/DisplayModule.vhf sub00/vhpl59 1513268077
AR m2_1_mxilinx_mm_signal_mux behavioral C:/Users/Vason/Documents/GitHub/Physics-But-actually-CS-final/minisculeComputer/MM_signal_MUX.vhf sub00/vhpl37 1513268055
AR crenc4bin behavioral C:/Users/Vason/Documents/GitHub/Physics-But-actually-CS-final/downloads/CRenc4bin.vhd sub00/vhpl81 1513268099
EN m4_1e_mxilinx_cu_alu NULL C:/Users/Vason/Documents/GitHub/Physics-But-actually-CS-final/minisculeComputer/CU_ALU.vhf sub00/vhpl48 1513268066
AR nand8_mxilinx_cu_misc behavioral C:/Users/Vason/Documents/GitHub/Physics-But-actually-CS-final/minisculeComputer/CU_Misc.vhf sub00/vhpl29 1513268047
EN cu_read_mux NULL C:/Users/Vason/Documents/GitHub/Physics-But-actually-CS-final/minisculeComputer/CU_Read_MUX.vhf sub00/vhpl70 1513268088
EN bin2bcd3en NULL C:/Users/Vason/Documents/GitHub/Physics-But-actually-CS-final/downloads/bin2BCD3en.vhd sub00/vhpl04 1513268022
EN mem32xbank NULL C:/Users/Vason/Documents/GitHub/Physics-But-actually-CS-final/minisculeComputer/Mem32xBank.vhf sub00/vhpl14 1513268032
EN m16_1e_mxilinx_mm_signal_mux NULL C:/Users/Vason/Documents/GitHub/Physics-But-actually-CS-final/minisculeComputer/MM_signal_MUX.vhf sub00/vhpl40 1513268058
EN or8_mxilinx_cu_write NULL C:/Users/Vason/Documents/GitHub/Physics-But-actually-CS-final/minisculeComputer/CU_Write.vhf sub00/vhpl74 1513268092
AR m2_1b1_mxilinx_programcounter behavioral C:/Users/Vason/Documents/GitHub/Physics-But-actually-CS-final/minisculeComputer/programCounter.vhf sub00/vhpl23 1513268041
EN m2_1_mxilinx_mm_signal_mux NULL C:/Users/Vason/Documents/GitHub/Physics-But-actually-CS-final/minisculeComputer/MM_signal_MUX.vhf sub00/vhpl36 1513268054
EN signalmux_32 NULL C:/Users/Vason/Documents/GitHub/Physics-But-actually-CS-final/minisculeComputer/signalMux_32.vhf sub00/vhpl92 1513268110
AR sel_strobeb behavioral C:/Users/Vason/Documents/GitHub/Physics-But-actually-CS-final/downloads/sel_strobeB.vhd sub00/vhpl03 1513268021
AR cb2cled_mxilinx_programcounter behavioral C:/Users/Vason/Documents/GitHub/Physics-But-actually-CS-final/minisculeComputer/programCounter.vhf sub00/vhpl25 1513268043
AR ssd_1dig behavioral C:/Users/Vason/Documents/GitHub/Physics-But-actually-CS-final/downloads/SSD_1dig.vhd sub00/vhpl07 1513268025
EN mux4ssd NULL C:/Users/Vason/Documents/GitHub/Physics-But-actually-CS-final/downloads/mux4SSD.vhd sub00/vhpl08 1513268026
EN programcounter NULL C:/Users/Vason/Documents/GitHub/Physics-But-actually-CS-final/minisculeComputer/programCounter.vhf sub00/vhpl26 1513268044
EN m16_1e_mxilinx_signalmux_32 NULL C:/Users/Vason/Documents/GitHub/Physics-But-actually-CS-final/minisculeComputer/signalMux_32.vhf sub00/vhpl90 1513268108
AR m2_1e_mxilinx_cu_read_mux behavioral C:/Users/Vason/Documents/GitHub/Physics-But-actually-CS-final/minisculeComputer/CU_Read_MUX.vhf sub00/vhpl67 1513268085
AR d2_4e_mxilinx_cu_write behavioral C:/Users/Vason/Documents/GitHub/Physics-But-actually-CS-final/minisculeComputer/CU_Write.vhf sub00/vhpl73 1513268091
EN d2_4e_mxilinx_cu_write NULL C:/Users/Vason/Documents/GitHub/Physics-But-actually-CS-final/minisculeComputer/CU_Write.vhf sub00/vhpl72 1513268090
AR and8_mxilinx_cu_read behavioral C:/Users/Vason/Documents/GitHub/Physics-But-actually-CS-final/minisculeComputer/CU_Read.vhf sub00/vhpl63 1513268081
EN cu_misc NULL C:/Users/Vason/Documents/GitHub/Physics-But-actually-CS-final/minisculeComputer/CU_Misc.vhf sub00/vhpl32 1513268050
AR mm_signal_mux behavioral C:/Users/Vason/Documents/GitHub/Physics-But-actually-CS-final/minisculeComputer/MM_signal_MUX.vhf sub00/vhpl45 1513268063
EN ftclex_mxilinx_programcounter NULL C:/Users/Vason/Documents/GitHub/Physics-But-actually-CS-final/minisculeComputer/programCounter.vhf sub00/vhpl18 1513268036
AR ftclex_mxilinx_programcounter behavioral C:/Users/Vason/Documents/GitHub/Physics-But-actually-CS-final/minisculeComputer/programCounter.vhf sub00/vhpl19 1513268037
EN and8_mxilinx_cu_write NULL C:/Users/Vason/Documents/GitHub/Physics-But-actually-CS-final/minisculeComputer/CU_Write.vhf sub00/vhpl76 1513268094
EN m2_1_mxilinx_displaymodule NULL C:/Users/Vason/Documents/GitHub/Physics-But-actually-CS-final/minisculeComputer/DisplayModule.vhf sub00/vhpl56 1513268074
EN m2_1e_mxilinx_cu_alu NULL C:/Users/Vason/Documents/GitHub/Physics-But-actually-CS-final/minisculeComputer/CU_ALU.vhf sub00/vhpl46 1513268064
AR and8_mxilinx_cu_write behavioral C:/Users/Vason/Documents/GitHub/Physics-But-actually-CS-final/minisculeComputer/CU_Write.vhf sub00/vhpl77 1513268095
EN signalmux_32_muser_mm_signal_mux NULL C:/Users/Vason/Documents/GitHub/Physics-But-actually-CS-final/minisculeComputer/MM_signal_MUX.vhf sub00/vhpl42 1513268060
EN and8_mxilinx_cu_misc NULL C:/Users/Vason/Documents/GitHub/Physics-But-actually-CS-final/minisculeComputer/CU_Misc.vhf sub00/vhpl30 1513268048
AR signalmux_32_muser_mm_signal_mux behavioral C:/Users/Vason/Documents/GitHub/Physics-But-actually-CS-final/minisculeComputer/MM_signal_MUX.vhf sub00/vhpl43 1513268061
AR cu_misc behavioral C:/Users/Vason/Documents/GitHub/Physics-But-actually-CS-final/minisculeComputer/CU_Misc.vhf sub00/vhpl33 1513268051
AR or6_mxilinx_cu_read behavioral C:/Users/Vason/Documents/GitHub/Physics-But-actually-CS-final/minisculeComputer/CU_Read.vhf sub00/vhpl61 1513268079
AR or8_mxilinx_cu_write behavioral C:/Users/Vason/Documents/GitHub/Physics-But-actually-CS-final/minisculeComputer/CU_Write.vhf sub00/vhpl75 1513268093
EN m2_1b1_mxilinx_programcounter NULL C:/Users/Vason/Documents/GitHub/Physics-But-actually-CS-final/minisculeComputer/programCounter.vhf sub00/vhpl22 1513268040
AR m4_1e_mxilinx_cu_alu behavioral C:/Users/Vason/Documents/GitHub/Physics-But-actually-CS-final/minisculeComputer/CU_ALU.vhf sub00/vhpl49 1513268067
AR bin2bcd3en behavioral C:/Users/Vason/Documents/GitHub/Physics-But-actually-CS-final/downloads/bin2BCD3en.vhd sub00/vhpl05 1513268023
AR mem32xbank behavioral C:/Users/Vason/Documents/GitHub/Physics-But-actually-CS-final/minisculeComputer/Mem32xBank.vhf sub00/vhpl15 1513268033
AR fd8ce_mxilinx_registers behavioral C:/Users/Vason/Documents/GitHub/Physics-But-actually-CS-final/minisculeComputer/Registers.vhf sub00/vhpl53 1513268071
EN mm_signal_mux NULL C:/Users/Vason/Documents/GitHub/Physics-But-actually-CS-final/minisculeComputer/MM_signal_MUX.vhf sub00/vhpl44 1513268062
EN mainmemory NULL C:/Users/Vason/Documents/GitHub/Physics-But-actually-CS-final/minisculeComputer/MainMemory.vhf sub00/vhpl34 1513268052
EN cu_read NULL C:/Users/Vason/Documents/GitHub/Physics-But-actually-CS-final/minisculeComputer/CU_Read.vhf sub00/vhpl64 1513268082
EN m2_1e_mxilinx_signalmux_32 NULL C:/Users/Vason/Documents/GitHub/Physics-But-actually-CS-final/minisculeComputer/signalMux_32.vhf sub00/vhpl88 1513268106
EN m4_1e_mxilinx_cu_read_mux NULL C:/Users/Vason/Documents/GitHub/Physics-But-actually-CS-final/minisculeComputer/CU_Read_MUX.vhf sub00/vhpl68 1513268086
AR signalmux_32 behavioral C:/Users/Vason/Documents/GitHub/Physics-But-actually-CS-final/minisculeComputer/signalMux_32.vhf sub00/vhpl93 1513268111
EN crenc4bin NULL C:/Users/Vason/Documents/GitHub/Physics-But-actually-CS-final/downloads/CRenc4bin.vhd sub00/vhpl80 1513268098
EN fd8ce_mxilinx_mem32xbank NULL C:/Users/Vason/Documents/GitHub/Physics-But-actually-CS-final/minisculeComputer/Mem32xBank.vhf sub00/vhpl12 1513268030
AR m4_1e_mxilinx_cu_read_mux behavioral C:/Users/Vason/Documents/GitHub/Physics-But-actually-CS-final/minisculeComputer/CU_Read_MUX.vhf sub00/vhpl69 1513268087
EN sevenseg NULL C:/Users/Vason/Documents/GitHub/Physics-But-actually-CS-final/minisculeComputer/sevenSeg.vhf sub00/vhpl10 1513268028
AR cu_write behavioral C:/Users/Vason/Documents/GitHub/Physics-But-actually-CS-final/minisculeComputer/CU_Write.vhf sub00/vhpl79 1513268097
EN registers NULL C:/Users/Vason/Documents/GitHub/Physics-But-actually-CS-final/minisculeComputer/Registers.vhf sub00/vhpl54 1513268072
AR m16_1e_mxilinx_mm_signal_mux behavioral C:/Users/Vason/Documents/GitHub/Physics-But-actually-CS-final/minisculeComputer/MM_signal_MUX.vhf sub00/vhpl41 1513268059
AR dcm_50m behavioral C:/Users/Vason/Documents/GitHub/Physics-But-actually-CS-final/downloads/DCM_50M.vhd sub00/vhpl01 1513268019
