AR membyte behavioral "C:/Users/Big D/Documents/GitHub/Physics-But-actually-CS-final/Components/memByte/memByte/memByte.vhf" sub00/vhpl03 1512076536
EN membyte NULL "C:/Users/Big D/Documents/GitHub/Physics-But-actually-CS-final/Components/memByte/memByte/memByte.vhf" sub00/vhpl02 1512076535
EN fjkce_mxilinx_membyte NULL "C:/Users/Big D/Documents/GitHub/Physics-But-actually-CS-final/Components/memByte/memByte/memByte.vhf" sub00/vhpl00 1512076533
AR fjkce_mxilinx_membyte behavioral "C:/Users/Big D/Documents/GitHub/Physics-But-actually-CS-final/Components/memByte/memByte/memByte.vhf" sub00/vhpl01 1512076534
