EN sandbox NULL "C:/Users/Big D/Documents/GitHub/Physics-But-actually-CS-final/SandBox/SandBox/SandBox.vhf" sub00/vhpl02 1512079985
AR sandbox behavioral "C:/Users/Big D/Documents/GitHub/Physics-But-actually-CS-final/SandBox/SandBox/SandBox.vhf" sub00/vhpl03 1512079986
AR fd8ce_mxilinx_sandbox behavioral "C:/Users/Big D/Documents/GitHub/Physics-But-actually-CS-final/SandBox/SandBox/SandBox.vhf" sub00/vhpl01 1512079984
EN fd8ce_mxilinx_sandbox NULL "C:/Users/Big D/Documents/GitHub/Physics-But-actually-CS-final/SandBox/SandBox/SandBox.vhf" sub00/vhpl00 1512079983
