V3 8
FL "C:/Users/Big D/Documents/GitHub/Physics-But-actually-CS-final/SandBox/SandBox/SandBox.vhf" 2017/11/30.14:12:59 P.20131013
EN work/FD8CE_MXILINX_SandBox 1512079983 \
      FL "C:/Users/Big D/Documents/GitHub/Physics-But-actually-CS-final/SandBox/SandBox/SandBox.vhf" \
      PB ieee/std_logic_1164 1381692176 PB ieee/NUMERIC_STD 1381692181 LB UNISIM \
      PH unisim/VCOMPONENTS 1381692182
AR work/FD8CE_MXILINX_SandBox/BEHAVIORAL 1512079984 \
      FL "C:/Users/Big D/Documents/GitHub/Physics-But-actually-CS-final/SandBox/SandBox/SandBox.vhf" \
      EN work/FD8CE_MXILINX_SandBox 1512079983 CP FDCE
EN work/SandBox 1512079985 \
      FL "C:/Users/Big D/Documents/GitHub/Physics-But-actually-CS-final/SandBox/SandBox/SandBox.vhf" \
      PB ieee/std_logic_1164 1381692176 PB ieee/NUMERIC_STD 1381692181 LB UNISIM \
      PH unisim/VCOMPONENTS 1381692182
AR work/SandBox/BEHAVIORAL 1512079986 \
      FL "C:/Users/Big D/Documents/GitHub/Physics-But-actually-CS-final/SandBox/SandBox/SandBox.vhf" \
      EN work/SandBox 1512079985 CP FD8CE_MXILINX_SandBox
